<?xml version="1.0" encoding="ISO-8859-1" ?>
<link_info>
   <banner>TI ARM Linker PC v20.2.7.LTS</banner>
   <copyright>Copyright (c) 1996-2018 Texas Instruments Incorporated</copyright>
   <link_time>0x66468bf6</link_time>
   <link_errors>0x0</link_errors>
   <output_file>aws-rest-api-ssl-demo.out</output_file>
   <entry_point>
      <name>_c_int00_noargs</name>
      <address>0x2000e441</address>
   </entry_point>
   <input_file_list>
      <input_file id="fl-2">
         <path>.\</path>
         <kind>object</kind>
         <file>Adafruit_GFX.obj</file>
         <name>Adafruit_GFX.obj</name>
      </input_file>
      <input_file id="fl-3">
         <path>.\</path>
         <kind>object</kind>
         <file>Adafruit_OLED.obj</file>
         <name>Adafruit_OLED.obj</name>
      </input_file>
      <input_file id="fl-4">
         <path>.\</path>
         <kind>object</kind>
         <file>gpio_if.obj</file>
         <name>gpio_if.obj</name>
      </input_file>
      <input_file id="fl-5">
         <path>.\</path>
         <kind>object</kind>
         <file>main.obj</file>
         <name>main.obj</name>
      </input_file>
      <input_file id="fl-6">
         <path>.\</path>
         <kind>object</kind>
         <file>network_common.obj</file>
         <name>network_common.obj</name>
      </input_file>
      <input_file id="fl-7">
         <path>.\</path>
         <kind>object</kind>
         <file>oled_test.obj</file>
         <name>oled_test.obj</name>
      </input_file>
      <input_file id="fl-8">
         <path>.\</path>
         <kind>object</kind>
         <file>pin_mux_config.obj</file>
         <name>pin_mux_config.obj</name>
      </input_file>
      <input_file id="fl-9">
         <path>.\</path>
         <kind>object</kind>
         <file>startup_ccs.obj</file>
         <name>startup_ccs.obj</name>
      </input_file>
      <input_file id="fl-a">
         <path>.\</path>
         <kind>object</kind>
         <file>systick_if.obj</file>
         <name>systick_if.obj</name>
      </input_file>
      <input_file id="fl-b">
         <path>.\</path>
         <kind>object</kind>
         <file>uart_if.obj</file>
         <name>uart_if.obj</name>
      </input_file>
      <input_file id="fl-c">
         <path>.\utils\</path>
         <kind>object</kind>
         <file>network_utils.obj</file>
         <name>network_utils.obj</name>
      </input_file>
      <input_file id="fl-12">
         <kind>object</kind>
         <file>&lt;internal&gt;</file>
         <name>&lt;internal&gt;</name>
      </input_file>
      <input_file id="fl-c8">
         <path>C:\ti\ccs1250\ccs\tools\compiler\ti-cgt-arm_20.2.7.LTS\lib\</path>
         <kind>archive</kind>
         <file>rtsv7M4_T_le_eabi.lib</file>
         <name>snprintf.c.obj</name>
      </input_file>
      <input_file id="fl-c9">
         <path>C:\ti\ccs1250\ccs\tools\compiler\ti-cgt-arm_20.2.7.LTS\lib\</path>
         <kind>archive</kind>
         <file>rtsv7M4_T_le_eabi.lib</file>
         <name>sprintf.c.obj</name>
      </input_file>
      <input_file id="fl-ca">
         <path>C:\ti\ccs1250\ccs\tools\compiler\ti-cgt-arm_20.2.7.LTS\lib\</path>
         <kind>archive</kind>
         <file>rtsv7M4_T_le_eabi.lib</file>
         <name>vsnprintf.c.obj</name>
      </input_file>
      <input_file id="fl-cb">
         <path>C:\ti\ccs1250\ccs\tools\compiler\ti-cgt-arm_20.2.7.LTS\lib\</path>
         <kind>archive</kind>
         <file>rtsv7M4_T_le_eabi.lib</file>
         <name>ll_mul_t2.asm.obj</name>
      </input_file>
      <input_file id="fl-cc">
         <path>C:\ti\ccs1250\ccs\tools\compiler\ti-cgt-arm_20.2.7.LTS\lib\</path>
         <kind>archive</kind>
         <file>rtsv7M4_T_le_eabi.lib</file>
         <name>memcpy_t2.asm.obj</name>
      </input_file>
      <input_file id="fl-cd">
         <path>C:\ti\ccs1250\ccs\tools\compiler\ti-cgt-arm_20.2.7.LTS\lib\</path>
         <kind>archive</kind>
         <file>rtsv7M4_T_le_eabi.lib</file>
         <name>memset_t2.asm.obj</name>
      </input_file>
      <input_file id="fl-ce">
         <path>C:\ti\ccs1250\ccs\tools\compiler\ti-cgt-arm_20.2.7.LTS\lib\</path>
         <kind>archive</kind>
         <file>rtsv7M4_T_le_eabi.lib</file>
         <name>ull_div_t2.asm.obj</name>
      </input_file>
      <input_file id="fl-cf">
         <path>C:\ti\ccs1250\ccs\tools\compiler\ti-cgt-arm_20.2.7.LTS\lib\</path>
         <kind>archive</kind>
         <file>rtsv7M4_T_le_eabi.lib</file>
         <name>copy_zero_init.c.obj</name>
      </input_file>
      <input_file id="fl-d0">
         <path>C:\ti\ccs1250\ccs\tools\compiler\ti-cgt-arm_20.2.7.LTS\lib\</path>
         <kind>archive</kind>
         <file>rtsv7M4_T_le_eabi.lib</file>
         <name>copy_decompress_none.c.obj</name>
      </input_file>
      <input_file id="fl-d1">
         <path>C:\ti\ccs1250\ccs\tools\compiler\ti-cgt-arm_20.2.7.LTS\lib\</path>
         <kind>archive</kind>
         <file>rtsv7M4_T_le_eabi.lib</file>
         <name>copy_decompress_lzss.c.obj</name>
      </input_file>
      <input_file id="fl-d2">
         <path>C:\ti\ccs1250\ccs\tools\compiler\ti-cgt-arm_20.2.7.LTS\lib\</path>
         <kind>archive</kind>
         <file>rtsv7M4_T_le_eabi.lib</file>
         <name>memmov.c.obj</name>
      </input_file>
      <input_file id="fl-d3">
         <path>C:\ti\ccs1250\ccs\tools\compiler\ti-cgt-arm_20.2.7.LTS\lib\</path>
         <kind>archive</kind>
         <file>rtsv7M4_T_le_eabi.lib</file>
         <name>memory.c.obj</name>
      </input_file>
      <input_file id="fl-d4">
         <path>C:\ti\ccs1250\ccs\tools\compiler\ti-cgt-arm_20.2.7.LTS\lib\</path>
         <kind>archive</kind>
         <file>rtsv7M4_T_le_eabi.lib</file>
         <name>strcpy.c.obj</name>
      </input_file>
      <input_file id="fl-d5">
         <path>C:\ti\ccs1250\ccs\tools\compiler\ti-cgt-arm_20.2.7.LTS\lib\</path>
         <kind>archive</kind>
         <file>rtsv7M4_T_le_eabi.lib</file>
         <name>strlen.c.obj</name>
      </input_file>
      <input_file id="fl-d6">
         <path>C:\ti\ccs1250\ccs\tools\compiler\ti-cgt-arm_20.2.7.LTS\lib\</path>
         <kind>archive</kind>
         <file>rtsv7M4_T_le_eabi.lib</file>
         <name>boot_cortex_m.c.obj</name>
      </input_file>
      <input_file id="fl-d7">
         <path>C:\ti\ccs1250\ccs\tools\compiler\ti-cgt-arm_20.2.7.LTS\lib\</path>
         <kind>archive</kind>
         <file>rtsv7M4_T_le_eabi.lib</file>
         <name>_printfi.c.obj</name>
      </input_file>
      <input_file id="fl-d8">
         <path>C:\ti\ccs1250\ccs\tools\compiler\ti-cgt-arm_20.2.7.LTS\lib\</path>
         <kind>archive</kind>
         <file>rtsv7M4_T_le_eabi.lib</file>
         <name>div0.asm.obj</name>
      </input_file>
      <input_file id="fl-d9">
         <path>C:\ti\ccs1250\ccs\tools\compiler\ti-cgt-arm_20.2.7.LTS\lib\</path>
         <kind>archive</kind>
         <file>rtsv7M4_T_le_eabi.lib</file>
         <name>fd_add_t2.asm.obj</name>
      </input_file>
      <input_file id="fl-da">
         <path>C:\ti\ccs1250\ccs\tools\compiler\ti-cgt-arm_20.2.7.LTS\lib\</path>
         <kind>archive</kind>
         <file>rtsv7M4_T_le_eabi.lib</file>
         <name>fd_cmp_t2.asm.obj</name>
      </input_file>
      <input_file id="fl-db">
         <path>C:\ti\ccs1250\ccs\tools\compiler\ti-cgt-arm_20.2.7.LTS\lib\</path>
         <kind>archive</kind>
         <file>rtsv7M4_T_le_eabi.lib</file>
         <name>fd_div_t2.asm.obj</name>
      </input_file>
      <input_file id="fl-dc">
         <path>C:\ti\ccs1250\ccs\tools\compiler\ti-cgt-arm_20.2.7.LTS\lib\</path>
         <kind>archive</kind>
         <file>rtsv7M4_T_le_eabi.lib</file>
         <name>fd_mul_t2.asm.obj</name>
      </input_file>
      <input_file id="fl-dd">
         <path>C:\ti\ccs1250\ccs\tools\compiler\ti-cgt-arm_20.2.7.LTS\lib\</path>
         <kind>archive</kind>
         <file>rtsv7M4_T_le_eabi.lib</file>
         <name>fd_toi_t2.asm.obj</name>
      </input_file>
      <input_file id="fl-de">
         <path>C:\ti\ccs1250\ccs\tools\compiler\ti-cgt-arm_20.2.7.LTS\lib\</path>
         <kind>archive</kind>
         <file>rtsv7M4_T_le_eabi.lib</file>
         <name>i_tofd_t2.asm.obj</name>
      </input_file>
      <input_file id="fl-df">
         <path>C:\ti\ccs1250\ccs\tools\compiler\ti-cgt-arm_20.2.7.LTS\lib\</path>
         <kind>archive</kind>
         <file>rtsv7M4_T_le_eabi.lib</file>
         <name>autoinit.c.obj</name>
      </input_file>
      <input_file id="fl-e0">
         <path>C:\ti\ccs1250\ccs\tools\compiler\ti-cgt-arm_20.2.7.LTS\lib\</path>
         <kind>archive</kind>
         <file>rtsv7M4_T_le_eabi.lib</file>
         <name>pre_init.c.obj</name>
      </input_file>
      <input_file id="fl-e1">
         <path>C:\ti\ccs1250\ccs\tools\compiler\ti-cgt-arm_20.2.7.LTS\lib\</path>
         <kind>archive</kind>
         <file>rtsv7M4_T_le_eabi.lib</file>
         <name>cpy_tbl.c.obj</name>
      </input_file>
      <input_file id="fl-e2">
         <path>C:\ti\ccs1250\ccs\tools\compiler\ti-cgt-arm_20.2.7.LTS\lib\</path>
         <kind>archive</kind>
         <file>rtsv7M4_T_le_eabi.lib</file>
         <name>exit.c.obj</name>
      </input_file>
      <input_file id="fl-e3">
         <path>C:\ti\ccs1250\ccs\tools\compiler\ti-cgt-arm_20.2.7.LTS\lib\</path>
         <kind>archive</kind>
         <file>rtsv7M4_T_le_eabi.lib</file>
         <name>_lock.c.obj</name>
      </input_file>
      <input_file id="fl-e4">
         <path>C:\ti\ccs1250\ccs\tools\compiler\ti-cgt-arm_20.2.7.LTS\lib\</path>
         <kind>archive</kind>
         <file>rtsv7M4_T_le_eabi.lib</file>
         <name>_ltoa.c.obj</name>
      </input_file>
      <input_file id="fl-e5">
         <path>C:\ti\ccs1250\ccs\tools\compiler\ti-cgt-arm_20.2.7.LTS\lib\</path>
         <kind>archive</kind>
         <file>rtsv7M4_T_le_eabi.lib</file>
         <name>args_main.c.obj</name>
      </input_file>
      <input_file id="fl-e6">
         <path>C:\ti\ccs1250\ccs\tools\compiler\ti-cgt-arm_20.2.7.LTS\lib\</path>
         <kind>archive</kind>
         <file>rtsv7M4_T_le_eabi.lib</file>
         <name>atoi.c.obj</name>
      </input_file>
      <input_file id="fl-e7">
         <path>C:\ti\ccs1250\ccs\tools\compiler\ti-cgt-arm_20.2.7.LTS\lib\</path>
         <kind>archive</kind>
         <file>rtsv7M4_T_le_eabi.lib</file>
         <name>ctype.c.obj</name>
      </input_file>
      <input_file id="fl-e8">
         <path>C:\ti\ccs1250\ccs\tools\compiler\ti-cgt-arm_20.2.7.LTS\lib\</path>
         <kind>archive</kind>
         <file>rtsv7M4_T_le_eabi.lib</file>
         <name>memccpy.c.obj</name>
      </input_file>
      <input_file id="fl-e9">
         <path>C:\ti\ccs1250\ccs\tools\compiler\ti-cgt-arm_20.2.7.LTS\lib\</path>
         <kind>archive</kind>
         <file>rtsv7M4_T_le_eabi.lib</file>
         <name>strchr.c.obj</name>
      </input_file>
      <input_file id="fl-ea">
         <path>C:\ti\ccs1250\ccs\tools\compiler\ti-cgt-arm_20.2.7.LTS\lib\</path>
         <kind>archive</kind>
         <file>rtsv7M4_T_le_eabi.lib</file>
         <name>errno.c.obj</name>
      </input_file>
      <input_file id="fl-eb">
         <path>C:\ti\ccs1250\ccs\tools\compiler\ti-cgt-arm_20.2.7.LTS\lib\</path>
         <kind>archive</kind>
         <file>rtsv7M4_T_le_eabi.lib</file>
         <name>wcslen.c.obj</name>
      </input_file>
      <input_file id="fl-ec">
         <path>C:\ti\ccs1250\ccs\tools\compiler\ti-cgt-arm_20.2.7.LTS\lib\</path>
         <kind>archive</kind>
         <file>rtsv7M4_T_le_eabi.lib</file>
         <name>s_frexp.c.obj</name>
      </input_file>
      <input_file id="fl-ed">
         <path>C:\ti\ccs1250\ccs\tools\compiler\ti-cgt-arm_20.2.7.LTS\lib\</path>
         <kind>archive</kind>
         <file>rtsv7M4_T_le_eabi.lib</file>
         <name>s_scalbn.c.obj</name>
      </input_file>
      <input_file id="fl-ee">
         <path>C:\ti\ccs1250\ccs\tools\compiler\ti-cgt-arm_20.2.7.LTS\lib\</path>
         <kind>archive</kind>
         <file>rtsv7M4_T_le_eabi.lib</file>
         <name>s_copysign.c.obj</name>
      </input_file>
      <input_file id="fl-ef">
         <path>C:\ti\CC3200SDK_1.5.0\cc3200-sdk\driverlib\ccs\Release\</path>
         <kind>archive</kind>
         <file>driverlib.a</file>
         <name>gpio.obj</name>
      </input_file>
      <input_file id="fl-f0">
         <path>C:\ti\CC3200SDK_1.5.0\cc3200-sdk\driverlib\ccs\Release\</path>
         <kind>archive</kind>
         <file>driverlib.a</file>
         <name>interrupt.obj</name>
      </input_file>
      <input_file id="fl-f1">
         <path>C:\ti\CC3200SDK_1.5.0\cc3200-sdk\driverlib\ccs\Release\</path>
         <kind>archive</kind>
         <file>driverlib.a</file>
         <name>pin.obj</name>
      </input_file>
      <input_file id="fl-f2">
         <path>C:\ti\CC3200SDK_1.5.0\cc3200-sdk\driverlib\ccs\Release\</path>
         <kind>archive</kind>
         <file>driverlib.a</file>
         <name>prcm.obj</name>
      </input_file>
      <input_file id="fl-f3">
         <path>C:\ti\CC3200SDK_1.5.0\cc3200-sdk\driverlib\ccs\Release\</path>
         <kind>archive</kind>
         <file>driverlib.a</file>
         <name>spi.obj</name>
      </input_file>
      <input_file id="fl-f4">
         <path>C:\ti\CC3200SDK_1.5.0\cc3200-sdk\driverlib\ccs\Release\</path>
         <kind>archive</kind>
         <file>driverlib.a</file>
         <name>systick.obj</name>
      </input_file>
      <input_file id="fl-f5">
         <path>C:\ti\CC3200SDK_1.5.0\cc3200-sdk\driverlib\ccs\Release\</path>
         <kind>archive</kind>
         <file>driverlib.a</file>
         <name>uart.obj</name>
      </input_file>
      <input_file id="fl-f6">
         <path>C:\ti\CC3200SDK_1.5.0\cc3200-sdk\driverlib\ccs\Release\</path>
         <kind>archive</kind>
         <file>driverlib.a</file>
         <name>utils.obj</name>
      </input_file>
      <input_file id="fl-f7">
         <path>C:\ti\CC3200SDK_1.5.0\cc3200-sdk\driverlib\ccs\Release\</path>
         <kind>archive</kind>
         <file>driverlib.a</file>
         <name>cpu.obj</name>
      </input_file>
      <input_file id="fl-f8">
         <path>C:\ti\CC3200SDK_1.5.0\cc3200-sdk\driverlib\ccs\Release\</path>
         <kind>archive</kind>
         <file>driverlib.a</file>
         <name>flash.obj</name>
      </input_file>
      <input_file id="fl-f9">
         <path>C:\ti\CC3200SDK_1.5.0\cc3200-sdk\simplelink\ccs\NON_OS\</path>
         <kind>archive</kind>
         <file>simplelink.a</file>
         <name>device.obj</name>
      </input_file>
      <input_file id="fl-fa">
         <path>C:\ti\CC3200SDK_1.5.0\cc3200-sdk\simplelink\ccs\NON_OS\</path>
         <kind>archive</kind>
         <file>simplelink.a</file>
         <name>driver.obj</name>
      </input_file>
      <input_file id="fl-fb">
         <path>C:\ti\CC3200SDK_1.5.0\cc3200-sdk\simplelink\ccs\NON_OS\</path>
         <kind>archive</kind>
         <file>simplelink.a</file>
         <name>netapp.obj</name>
      </input_file>
      <input_file id="fl-fc">
         <path>C:\ti\CC3200SDK_1.5.0\cc3200-sdk\simplelink\ccs\NON_OS\</path>
         <kind>archive</kind>
         <file>simplelink.a</file>
         <name>netcfg.obj</name>
      </input_file>
      <input_file id="fl-fd">
         <path>C:\ti\CC3200SDK_1.5.0\cc3200-sdk\simplelink\ccs\NON_OS\</path>
         <kind>archive</kind>
         <file>simplelink.a</file>
         <name>nonos.obj</name>
      </input_file>
      <input_file id="fl-fe">
         <path>C:\ti\CC3200SDK_1.5.0\cc3200-sdk\simplelink\ccs\NON_OS\</path>
         <kind>archive</kind>
         <file>simplelink.a</file>
         <name>socket.obj</name>
      </input_file>
      <input_file id="fl-ff">
         <path>C:\ti\CC3200SDK_1.5.0\cc3200-sdk\simplelink\ccs\NON_OS\</path>
         <kind>archive</kind>
         <file>simplelink.a</file>
         <name>wlan.obj</name>
      </input_file>
      <input_file id="fl-100">
         <path>C:\ti\CC3200SDK_1.5.0\cc3200-sdk\simplelink\ccs\NON_OS\</path>
         <kind>archive</kind>
         <file>simplelink.a</file>
         <name>cc_pal.obj</name>
      </input_file>
      <input_file id="fl-101">
         <path>C:\ti\CC3200SDK_1.5.0\cc3200-sdk\driverlib\ccs\Release\</path>
         <kind>archive</kind>
         <file>driverlib.a</file>
         <name>timer.obj</name>
      </input_file>
      <input_file id="fl-102">
         <path>C:\ti\CC3200SDK_1.5.0\cc3200-sdk\driverlib\ccs\Release\</path>
         <kind>archive</kind>
         <file>driverlib.a</file>
         <name>udma.obj</name>
      </input_file>
   </input_file_list>
   <object_component_list>
      <object_component id="oc-12">
         <name>.intvecs</name>
         <load_address>0x20004000</load_address>
         <run_address>0x20004000</run_address>
         <size>0x400</size>
         <input_file_ref idref="fl-9"/>
      </object_component>
      <object_component id="oc-1a9">
         <name>.text</name>
         <load_address>0x20004400</load_address>
         <run_address>0x20004400</run_address>
         <size>0xec0</size>
         <input_file_ref idref="fl-c"/>
      </object_component>
      <object_component id="oc-97">
         <name>.text</name>
         <load_address>0x200052c0</load_address>
         <run_address>0x200052c0</run_address>
         <size>0xe24</size>
         <input_file_ref idref="fl-5"/>
      </object_component>
      <object_component id="oc-12f">
         <name>.text</name>
         <load_address>0x200060e4</load_address>
         <run_address>0x200060e4</run_address>
         <size>0xa80</size>
         <input_file_ref idref="fl-2"/>
      </object_component>
      <object_component id="oc-2dd">
         <name>.text:__TI_printfi</name>
         <load_address>0x20006b64</load_address>
         <run_address>0x20006b64</run_address>
         <size>0xa4e</size>
         <input_file_ref idref="fl-d7"/>
      </object_component>
      <object_component id="oc-8d8">
         <name>.text:IntDefaultHandler</name>
         <load_address>0x200075b2</load_address>
         <run_address>0x200075b2</run_address>
         <size>0x2</size>
         <input_file_ref idref="fl-f0"/>
      </object_component>
      <object_component id="oc-73d">
         <name>.text:_SlDrvMsgRead</name>
         <load_address>0x200075b4</load_address>
         <run_address>0x200075b4</run_address>
         <size>0x590</size>
         <input_file_ref idref="fl-fa"/>
      </object_component>
      <object_component id="oc-11d">
         <name>.text</name>
         <load_address>0x20007b44</load_address>
         <run_address>0x20007b44</run_address>
         <size>0x4aa</size>
         <input_file_ref idref="fl-3"/>
      </object_component>
      <object_component id="oc-683">
         <name>.text:_nop</name>
         <load_address>0x20007fee</load_address>
         <run_address>0x20007fee</run_address>
         <size>0x2</size>
         <input_file_ref idref="fl-e3"/>
      </object_component>
      <object_component id="oc-1d1">
         <name>.text</name>
         <load_address>0x20007ff0</load_address>
         <run_address>0x20007ff0</run_address>
         <size>0x398</size>
         <input_file_ref idref="fl-4"/>
      </object_component>
      <object_component id="oc-3e1">
         <name>.text:sl_WlanConnect</name>
         <load_address>0x20008388</load_address>
         <run_address>0x20008388</run_address>
         <size>0x280</size>
         <input_file_ref idref="fl-ff"/>
      </object_component>
      <object_component id="oc-129">
         <name>.text</name>
         <load_address>0x20008608</load_address>
         <run_address>0x20008608</run_address>
         <size>0x27c</size>
         <input_file_ref idref="fl-b"/>
      </object_component>
      <object_component id="oc-500">
         <name>.text:_pconv_a</name>
         <load_address>0x20008884</load_address>
         <run_address>0x20008884</run_address>
         <size>0x268</size>
         <input_file_ref idref="fl-d7"/>
      </object_component>
      <object_component id="oc-886">
         <name>.text:_SlDrvRxHdrRead</name>
         <load_address>0x20008aec</load_address>
         <run_address>0x20008aec</run_address>
         <size>0x248</size>
         <input_file_ref idref="fl-fa"/>
      </object_component>
      <object_component id="oc-455">
         <name>.text:_SlDrvDataReadOp</name>
         <load_address>0x20008d34</load_address>
         <run_address>0x20008d34</run_address>
         <size>0x1e4</size>
         <input_file_ref idref="fl-fa"/>
      </object_component>
      <object_component id="oc-5aa">
         <name>.text:_SlDrvReleasePoolObj</name>
         <load_address>0x20008f18</load_address>
         <run_address>0x20008f18</run_address>
         <size>0x1d0</size>
         <input_file_ref idref="fl-fa"/>
      </object_component>
      <object_component id="oc-4ee">
         <name>.text:_pconv_g</name>
         <load_address>0x200090e8</load_address>
         <run_address>0x200090e8</run_address>
         <size>0x1cc</size>
         <input_file_ref idref="fl-d7"/>
      </object_component>
      <object_component id="oc-6dd">
         <name>.text</name>
         <load_address>0x200092b4</load_address>
         <run_address>0x200092b4</run_address>
         <size>0x1b6</size>
         <input_file_ref idref="fl-d9"/>
      </object_component>
      <object_component id="oc-259">
         <name>.text</name>
         <load_address>0x2000946a</load_address>
         <run_address>0x2000946a</run_address>
         <size>0x2</size>
         <input_file_ref idref="fl-d8"/>
      </object_component>
      <object_component id="oc-580">
         <name>.text:_SlDrvDriverCBInit</name>
         <load_address>0x2000946c</load_address>
         <run_address>0x2000946c</run_address>
         <size>0x1b4</size>
         <input_file_ref idref="fl-fa"/>
      </object_component>
      <object_component id="oc-53b">
         <name>.text:_SlDrvMsgWrite</name>
         <load_address>0x20009620</load_address>
         <run_address>0x20009620</run_address>
         <size>0x19c</size>
         <input_file_ref idref="fl-fa"/>
      </object_component>
      <object_component id="oc-619">
         <name>.text:_SlDrvWaitForPoolObj</name>
         <load_address>0x200097bc</load_address>
         <run_address>0x200097bc</run_address>
         <size>0x190</size>
         <input_file_ref idref="fl-fa"/>
      </object_component>
      <object_component id="oc-40a">
         <name>.text:sl_Connect</name>
         <load_address>0x2000994c</load_address>
         <run_address>0x2000994c</run_address>
         <size>0x18c</size>
         <input_file_ref idref="fl-fe"/>
      </object_component>
      <object_component id="oc-d7">
         <name>.text:PRCMCC3200MCUInit</name>
         <load_address>0x20009ad8</load_address>
         <run_address>0x20009ad8</run_address>
         <size>0x178</size>
         <input_file_ref idref="fl-f2"/>
      </object_component>
      <object_component id="oc-898">
         <name>.text:_SlFindAndSetActiveObj</name>
         <load_address>0x20009c50</load_address>
         <run_address>0x20009c50</run_address>
         <size>0x170</size>
         <input_file_ref idref="fl-fa"/>
      </object_component>
      <object_component id="oc-173">
         <name>.text</name>
         <load_address>0x20009dc0</load_address>
         <run_address>0x20009dc0</run_address>
         <size>0x158</size>
         <input_file_ref idref="fl-8"/>
      </object_component>
      <object_component id="oc-429">
         <name>.text:_SlDrvDataWriteOp</name>
         <load_address>0x20009f18</load_address>
         <run_address>0x20009f18</run_address>
         <size>0x150</size>
         <input_file_ref idref="fl-fa"/>
      </object_component>
      <object_component id="oc-586">
         <name>.text:spi_Open</name>
         <load_address>0x2000a068</load_address>
         <run_address>0x2000a068</run_address>
         <size>0x148</size>
         <input_file_ref idref="fl-100"/>
      </object_component>
      <object_component id="oc-541">
         <name>.text:_SlDrvMsgReadCmdCtx</name>
         <load_address>0x2000a1b0</load_address>
         <run_address>0x2000a1b0</run_address>
         <size>0x144</size>
         <input_file_ref idref="fl-fa"/>
      </object_component>
      <object_component id="oc-3ec">
         <name>.text:sl_NetAppDnsGetHostByName</name>
         <load_address>0x2000a2f4</load_address>
         <run_address>0x2000a2f4</run_address>
         <size>0x144</size>
         <input_file_ref idref="fl-fb"/>
      </object_component>
      <object_component id="oc-4fa">
         <name>.text:_pconv_e</name>
         <load_address>0x2000a438</load_address>
         <run_address>0x2000a438</run_address>
         <size>0x13c</size>
         <input_file_ref idref="fl-d7"/>
      </object_component>
      <object_component id="oc-6c3">
         <name>.text</name>
         <load_address>0x2000a574</load_address>
         <run_address>0x2000a574</run_address>
         <size>0x136</size>
         <input_file_ref idref="fl-db"/>
      </object_component>
      <object_component id="oc-1c5">
         <name>.text:sl_Send</name>
         <load_address>0x2000a6ac</load_address>
         <run_address>0x2000a6ac</run_address>
         <size>0x134</size>
         <input_file_ref idref="fl-fe"/>
      </object_component>
      <object_component id="oc-5d8">
         <name>.text:_SlDrvDriverCBDeinit</name>
         <load_address>0x2000a7e0</load_address>
         <run_address>0x2000a7e0</run_address>
         <size>0x130</size>
         <input_file_ref idref="fl-fa"/>
      </object_component>
      <object_component id="oc-6ef">
         <name>.text:fcvt</name>
         <load_address>0x2000a910</load_address>
         <run_address>0x2000a910</run_address>
         <size>0x120</size>
         <input_file_ref idref="fl-d7"/>
      </object_component>
      <object_component id="oc-920">
         <name>.text:_SlDrvNetAppEventHandler</name>
         <load_address>0x2000aa30</load_address>
         <run_address>0x2000aa30</run_address>
         <size>0x104</size>
         <input_file_ref idref="fl-fb"/>
      </object_component>
      <object_component id="oc-4af">
         <name>.text:aligned_alloc</name>
         <load_address>0x2000ab34</load_address>
         <run_address>0x2000ab34</run_address>
         <size>0x100</size>
         <input_file_ref idref="fl-d3"/>
      </object_component>
      <object_component id="oc-6be">
         <name>.text</name>
         <load_address>0x2000ac34</load_address>
         <run_address>0x2000ac34</run_address>
         <size>0xfc</size>
         <input_file_ref idref="fl-dc"/>
      </object_component>
      <object_component id="oc-3a4">
         <name>.text:sl_Stop</name>
         <load_address>0x2000ad30</load_address>
         <run_address>0x2000ad30</run_address>
         <size>0xf0</size>
         <input_file_ref idref="fl-f9"/>
      </object_component>
      <object_component id="oc-892">
         <name>.text:spi_Read</name>
         <load_address>0x2000ae20</load_address>
         <run_address>0x2000ae20</run_address>
         <size>0xf0</size>
         <input_file_ref idref="fl-100"/>
      </object_component>
      <object_component id="oc-969">
         <name>.text:uDMAChannelTransferSet</name>
         <load_address>0x2000af10</load_address>
         <run_address>0x2000af10</run_address>
         <size>0xf0</size>
         <input_file_ref idref="fl-102"/>
      </object_component>
      <object_component id="oc-392">
         <name>.text:sl_Start</name>
         <load_address>0x2000b000</load_address>
         <run_address>0x2000b000</run_address>
         <size>0xec</size>
         <input_file_ref idref="fl-f9"/>
      </object_component>
      <object_component id="oc-743">
         <name>.text:_SlAsyncEventGenericHandler</name>
         <load_address>0x2000b0ec</load_address>
         <run_address>0x2000b0ec</run_address>
         <size>0xe8</size>
         <input_file_ref idref="fl-fa"/>
      </object_component>
      <object_component id="oc-756">
         <name>.text:_SlDrvMsgReadSpawnCtx</name>
         <load_address>0x2000b1d4</load_address>
         <run_address>0x2000b1d4</run_address>
         <size>0xe8</size>
         <input_file_ref idref="fl-fa"/>
      </object_component>
      <object_component id="oc-2a7">
         <name>.text:free</name>
         <load_address>0x2000b2bc</load_address>
         <run_address>0x2000b2bc</run_address>
         <size>0xe4</size>
         <input_file_ref idref="fl-d3"/>
      </object_component>
      <object_component id="oc-2a1">
         <name>.text:realloc</name>
         <load_address>0x2000b3a0</load_address>
         <run_address>0x2000b3a0</run_address>
         <size>0xe4</size>
         <input_file_ref idref="fl-d3"/>
      </object_component>
      <object_component id="oc-603">
         <name>.text:sl_NetAppMDNSRegisterUnregisterService</name>
         <load_address>0x2000b484</load_address>
         <run_address>0x2000b484</run_address>
         <size>0xe4</size>
         <input_file_ref idref="fl-fb"/>
      </object_component>
      <object_component id="oc-88c">
         <name>.text:_SlDrvClassifyRxMsg</name>
         <load_address>0x2000b568</load_address>
         <run_address>0x2000b568</run_address>
         <size>0xdc</size>
         <input_file_ref idref="fl-fa"/>
      </object_component>
      <object_component id="oc-703">
         <name>.text:scalbn</name>
         <load_address>0x2000b644</load_address>
         <run_address>0x2000b644</run_address>
         <size>0xd0</size>
         <input_file_ref idref="fl-ed"/>
      </object_component>
      <object_component id="oc-994">
         <name>.text:_sl_HandleAsync_DnsGetHostByService</name>
         <load_address>0x2000b714</load_address>
         <run_address>0x2000b714</run_address>
         <size>0xcc</size>
         <input_file_ref idref="fl-fb"/>
      </object_component>
      <object_component id="oc-3aa">
         <name>.text:sl_DevGet</name>
         <load_address>0x2000b7e0</load_address>
         <run_address>0x2000b7e0</run_address>
         <size>0xcc</size>
         <input_file_ref idref="fl-f9"/>
      </object_component>
      <object_component id="oc-7c0">
         <name>.text:_SlRemoveFromList</name>
         <load_address>0x2000b8ac</load_address>
         <run_address>0x2000b8ac</run_address>
         <size>0xc4</size>
         <input_file_ref idref="fl-fa"/>
      </object_component>
      <object_component id="oc-303">
         <name>.text:_SlDrvCmdOp</name>
         <load_address>0x2000b970</load_address>
         <run_address>0x2000b970</run_address>
         <size>0xc0</size>
         <input_file_ref idref="fl-fa"/>
      </object_component>
      <object_component id="oc-4e3">
         <name>.text:_ltostr</name>
         <load_address>0x2000ba30</load_address>
         <run_address>0x2000ba30</run_address>
         <size>0xb1</size>
         <input_file_ref idref="fl-d7"/>
      </object_component>
      <object_component id="oc-660">
         <name>.text:_SlNonOsSemGet</name>
         <load_address>0x2000bae4</load_address>
         <run_address>0x2000bae4</run_address>
         <size>0xb0</size>
         <input_file_ref idref="fl-fd"/>
      </object_component>
      <object_component id="oc-7a5">
         <name>.text:IntDisable</name>
         <load_address>0x2000bb94</load_address>
         <run_address>0x2000bb94</run_address>
         <size>0xa8</size>
         <input_file_ref idref="fl-f0"/>
      </object_component>
      <object_component id="oc-d1">
         <name>.text:IntEnable</name>
         <load_address>0x2000bc3c</load_address>
         <run_address>0x2000bc3c</run_address>
         <size>0xa8</size>
         <input_file_ref idref="fl-f0"/>
      </object_component>
      <object_component id="oc-749">
         <name>.text:_SlDriverHandleError</name>
         <load_address>0x2000bce4</load_address>
         <run_address>0x2000bce4</run_address>
         <size>0xa4</size>
         <input_file_ref idref="fl-fa"/>
      </object_component>
      <object_component id="oc-18b">
         <name>.text:SPIConfigSetExpClk</name>
         <load_address>0x2000bd88</load_address>
         <run_address>0x2000bd88</run_address>
         <size>0xa0</size>
         <input_file_ref idref="fl-f3"/>
      </object_component>
      <object_component id="oc-1d7">
         <name>.text:sl_Recv</name>
         <load_address>0x2000be28</load_address>
         <run_address>0x2000be28</run_address>
         <size>0xa0</size>
         <input_file_ref idref="fl-fe"/>
      </object_component>
      <object_component id="oc-3d">
         <name>.text</name>
         <load_address>0x2000bec8</load_address>
         <run_address>0x2000bec8</run_address>
         <size>0x9c</size>
         <input_file_ref idref="fl-cc"/>
      </object_component>
      <object_component id="oc-97a">
         <name>.text:_SlDrvDeviceEventHandler</name>
         <load_address>0x2000bf64</load_address>
         <run_address>0x2000bf64</run_address>
         <size>0x9a</size>
         <input_file_ref idref="fl-f9"/>
      </object_component>
      <object_component id="oc-162">
         <name>.text:sl_DevSet</name>
         <load_address>0x2000c000</load_address>
         <run_address>0x2000c000</run_address>
         <size>0x98</size>
         <input_file_ref idref="fl-f9"/>
      </object_component>
      <object_component id="oc-3c2">
         <name>.text:sl_NetCfgSet</name>
         <load_address>0x2000c098</load_address>
         <run_address>0x2000c098</run_address>
         <size>0x98</size>
         <input_file_ref idref="fl-fc"/>
      </object_component>
      <object_component id="oc-404">
         <name>.text:sl_SetSockOpt</name>
         <load_address>0x2000c130</load_address>
         <run_address>0x2000c130</run_address>
         <size>0x98</size>
         <input_file_ref idref="fl-fe"/>
      </object_component>
      <object_component id="oc-3c8">
         <name>.text:sl_WlanSet</name>
         <load_address>0x2000c1c8</load_address>
         <run_address>0x2000c1c8</run_address>
         <size>0x98</size>
         <input_file_ref idref="fl-ff"/>
      </object_component>
      <object_component id="oc-733">
         <name>.text:spi_Write</name>
         <load_address>0x2000c260</load_address>
         <run_address>0x2000c260</run_address>
         <size>0x98</size>
         <input_file_ref idref="fl-100"/>
      </object_component>
      <object_component id="oc-107">
         <name>.text</name>
         <load_address>0x2000c2f8</load_address>
         <run_address>0x2000c2f8</run_address>
         <size>0x96</size>
         <input_file_ref idref="fl-ce"/>
      </object_component>
      <object_component id="oc-13b">
         <name>.text:PRCMPeripheralClockGet</name>
         <load_address>0x2000c390</load_address>
         <run_address>0x2000c390</run_address>
         <size>0x94</size>
         <input_file_ref idref="fl-f2"/>
      </object_component>
      <object_component id="oc-98e">
         <name>.text:_sl_HandleAsync_DnsGetHostByName</name>
         <load_address>0x2000c424</load_address>
         <run_address>0x2000c424</run_address>
         <size>0x90</size>
         <input_file_ref idref="fl-fb"/>
      </object_component>
      <object_component id="oc-926">
         <name>.text:_sl_HandleAsync_PingResponse</name>
         <load_address>0x2000c4b4</load_address>
         <run_address>0x2000c4b4</run_address>
         <size>0x90</size>
         <input_file_ref idref="fl-fb"/>
      </object_component>
      <object_component id="oc-3b0">
         <name>.text:sl_WlanPolicySet</name>
         <load_address>0x2000c544</load_address>
         <run_address>0x2000c544</run_address>
         <size>0x90</size>
         <input_file_ref idref="fl-ff"/>
      </object_component>
      <object_component id="oc-92d">
         <name>.text:SetupDMAReceive</name>
         <load_address>0x2000c5d4</load_address>
         <run_address>0x2000c5d4</run_address>
         <size>0x8c</size>
         <input_file_ref idref="fl-100"/>
      </object_component>
      <object_component id="oc-871">
         <name>.text:SetupDMASend</name>
         <load_address>0x2000c660</load_address>
         <run_address>0x2000c660</run_address>
         <size>0x8c</size>
         <input_file_ref idref="fl-100"/>
      </object_component>
      <object_component id="oc-81e">
         <name>.text:_SlDrvIsTimeoutExpired</name>
         <load_address>0x2000c6ec</load_address>
         <run_address>0x2000c6ec</run_address>
         <size>0x8c</size>
         <input_file_ref idref="fl-fa"/>
      </object_component>
      <object_component id="oc-9ed">
         <name>.text:_sl_HandleAsync_InitComplete</name>
         <load_address>0x2000c778</load_address>
         <run_address>0x2000c778</run_address>
         <size>0x8c</size>
         <input_file_ref idref="fl-f9"/>
      </object_component>
      <object_component id="oc-3fe">
         <name>.text:sl_Socket</name>
         <load_address>0x2000c804</load_address>
         <run_address>0x2000c804</run_address>
         <size>0x8c</size>
         <input_file_ref idref="fl-fe"/>
      </object_component>
      <object_component id="oc-568">
         <name>.text:PinConfigSet</name>
         <load_address>0x2000c890</load_address>
         <run_address>0x2000c890</run_address>
         <size>0x88</size>
         <input_file_ref idref="fl-f1"/>
      </object_component>
      <object_component id="oc-4e9">
         <name>.text:__aeabi_cdcmple</name>
         <load_address>0x2000c918</load_address>
         <run_address>0x2000c918</run_address>
         <size>0x86</size>
         <input_file_ref idref="fl-da"/>
      </object_component>
      <object_component id="oc-6c8">
         <name>.text:__aeabi_cdrcmple</name>
         <load_address>0x2000c99e</load_address>
         <run_address>0x2000c99e</run_address>
         <size>0x86</size>
         <input_file_ref idref="fl-da"/>
      </object_component>
      <object_component id="oc-3d7">
         <name>.text:sl_WlanRxFilterSet</name>
         <load_address>0x2000ca24</load_address>
         <run_address>0x2000ca24</run_address>
         <size>0x84</size>
         <input_file_ref idref="fl-ff"/>
      </object_component>
      <object_component id="oc-19d">
         <name>.text:GPIOIntTypeSet</name>
         <load_address>0x2000caa8</load_address>
         <run_address>0x2000caa8</run_address>
         <size>0x82</size>
         <input_file_ref idref="fl-ef"/>
      </object_component>
      <object_component id="oc-9b6">
         <name>.text:_sl_HandleAsync_Connect</name>
         <load_address>0x2000cb2c</load_address>
         <run_address>0x2000cb2c</run_address>
         <size>0x80</size>
         <input_file_ref idref="fl-fe"/>
      </object_component>
      <object_component id="oc-933">
         <name>.text:spi_Read_CPU</name>
         <load_address>0x2000cbac</load_address>
         <run_address>0x2000cbac</run_address>
         <size>0x80</size>
         <input_file_ref idref="fl-100"/>
      </object_component>
      <object_component id="oc-87d">
         <name>.text:spi_Write_CPU</name>
         <load_address>0x2000cc2c</load_address>
         <run_address>0x2000cc2c</run_address>
         <size>0x80</size>
         <input_file_ref idref="fl-100"/>
      </object_component>
      <object_component id="oc-8b">
         <name>.text</name>
         <load_address>0x2000ccac</load_address>
         <run_address>0x2000ccac</run_address>
         <size>0x7a</size>
         <input_file_ref idref="fl-cd"/>
      </object_component>
      <object_component id="oc-5d2">
         <name>.text:spi_Close</name>
         <load_address>0x2000cd28</load_address>
         <run_address>0x2000cd28</run_address>
         <size>0x78</size>
         <input_file_ref idref="fl-100"/>
      </object_component>
      <object_component id="oc-141">
         <name>.text:UARTConfigSetExpClk</name>
         <load_address>0x2000cda0</load_address>
         <run_address>0x2000cda0</run_address>
         <size>0x76</size>
         <input_file_ref idref="fl-f5"/>
      </object_component>
      <object_component id="oc-398">
         <name>.text:_SlNonOsMainLoopTask</name>
         <load_address>0x2000ce18</load_address>
         <run_address>0x2000ce18</run_address>
         <size>0x74</size>
         <input_file_ref idref="fl-fd"/>
      </object_component>
      <object_component id="oc-4bc">
         <name>.text:split</name>
         <load_address>0x2000ce8c</load_address>
         <run_address>0x2000ce8c</run_address>
         <size>0x70</size>
         <input_file_ref idref="fl-d3"/>
      </object_component>
      <object_component id="oc-6e8">
         <name>.text:_mcpy</name>
         <load_address>0x2000cefc</load_address>
         <run_address>0x2000cefc</run_address>
         <size>0x6e</size>
         <input_file_ref idref="fl-d7"/>
      </object_component>
      <object_component id="oc-a05">
         <name>.text:_SlDrvCmdSend</name>
         <load_address>0x2000cf6c</load_address>
         <run_address>0x2000cf6c</run_address>
         <size>0x6c</size>
         <input_file_ref idref="fl-fa"/>
      </object_component>
      <object_component id="oc-9a0">
         <name>.text:_sl_NetAppSendTokenValue</name>
         <load_address>0x2000cfd8</load_address>
         <run_address>0x2000cfd8</run_address>
         <size>0x6c</size>
         <input_file_ref idref="fl-fb"/>
      </object_component>
      <object_component id="oc-15">
         <name>.text:decompress:lzss:__TI_decompress_lzss</name>
         <load_address>0x2000d044</load_address>
         <run_address>0x2000d044</run_address>
         <size>0x68</size>
         <input_file_ref idref="fl-d1"/>
      </object_component>
      <object_component id="oc-74f">
         <name>.text:_SlNonOsSpawn</name>
         <load_address>0x2000d0ac</load_address>
         <run_address>0x2000d0ac</run_address>
         <size>0x64</size>
         <input_file_ref idref="fl-fd"/>
      </object_component>
      <object_component id="oc-9b0">
         <name>.text:_sl_HandleAsync_Accept</name>
         <load_address>0x2000d110</load_address>
         <run_address>0x2000d110</run_address>
         <size>0x64</size>
         <input_file_ref idref="fl-fe"/>
      </object_component>
      <object_component id="oc-3ce">
         <name>.text:sl_NetAppMDNSUnRegisterService</name>
         <load_address>0x2000d174</load_address>
         <run_address>0x2000d174</run_address>
         <size>0x64</size>
         <input_file_ref idref="fl-fb"/>
      </object_component>
      <object_component id="oc-8b2">
         <name>.text:uDMAChannelAttributeDisable</name>
         <load_address>0x2000d1d8</load_address>
         <run_address>0x2000d1d8</run_address>
         <size>0x64</size>
         <input_file_ref idref="fl-102"/>
      </object_component>
      <object_component id="oc-963">
         <name>.text:uDMAChannelAttributeEnable</name>
         <load_address>0x2000d23c</load_address>
         <run_address>0x2000d23c</run_address>
         <size>0x64</size>
         <input_file_ref idref="fl-102"/>
      </object_component>
      <object_component id="oc-1cb">
         <name>.text:sl_Close</name>
         <load_address>0x2000d2a0</load_address>
         <run_address>0x2000d2a0</run_address>
         <size>0x60</size>
         <input_file_ref idref="fl-fe"/>
      </object_component>
      <object_component id="oc-3b6">
         <name>.text:sl_WlanProfileDel</name>
         <load_address>0x2000d300</load_address>
         <run_address>0x2000d300</run_address>
         <size>0x60</size>
         <input_file_ref idref="fl-ff"/>
      </object_component>
      <object_component id="oc-39e">
         <name>.text:sl_WlanSetMode</name>
         <load_address>0x2000d360</load_address>
         <run_address>0x2000d360</run_address>
         <size>0x60</size>
         <input_file_ref idref="fl-ff"/>
      </object_component>
      <object_component id="oc-6fd">
         <name>.text:frexp</name>
         <load_address>0x2000d3c0</load_address>
         <run_address>0x2000d3c0</run_address>
         <size>0x5c</size>
         <input_file_ref idref="fl-ec"/>
      </object_component>
      <object_component id="oc-7b1">
         <name>.text:IntPendClear</name>
         <load_address>0x2000d41c</load_address>
         <run_address>0x2000d41c</run_address>
         <size>0x58</size>
         <input_file_ref idref="fl-f0"/>
      </object_component>
      <object_component id="oc-17f">
         <name>.text:PRCMPeripheralReset</name>
         <load_address>0x2000d474</load_address>
         <run_address>0x2000d474</run_address>
         <size>0x58</size>
         <input_file_ref idref="fl-f2"/>
      </object_component>
      <object_component id="oc-4f4">
         <name>.text:_pconv_f</name>
         <load_address>0x2000d4cc</load_address>
         <run_address>0x2000d4cc</run_address>
         <size>0x56</size>
         <input_file_ref idref="fl-d7"/>
      </object_component>
      <object_component id="oc-43d">
         <name>.text:IntPrioritySet</name>
         <load_address>0x2000d524</load_address>
         <run_address>0x2000d524</run_address>
         <size>0x54</size>
         <input_file_ref idref="fl-f0"/>
      </object_component>
      <object_component id="oc-5b6">
         <name>.text:_SlDrvRxIrqHandler</name>
         <load_address>0x2000d578</load_address>
         <run_address>0x2000d578</run_address>
         <size>0x54</size>
         <input_file_ref idref="fl-fa"/>
      </object_component>
      <object_component id="oc-6d2">
         <name>.text:__TI_ltoa</name>
         <load_address>0x2000d5cc</load_address>
         <run_address>0x2000d5cc</run_address>
         <size>0x54</size>
         <input_file_ref idref="fl-e4"/>
      </object_component>
      <object_component id="oc-9bc">
         <name>.text:_sl_HandleAsync_Select</name>
         <load_address>0x2000d620</load_address>
         <run_address>0x2000d620</run_address>
         <size>0x54</size>
         <input_file_ref idref="fl-fe"/>
      </object_component>
      <object_component id="oc-6e2">
         <name>.text:_ecpy</name>
         <load_address>0x2000d674</load_address>
         <run_address>0x2000d674</run_address>
         <size>0x52</size>
         <input_file_ref idref="fl-d7"/>
      </object_component>
      <object_component id="oc-9c2">
         <name>.text:_sl_HandleAsync_Stop</name>
         <load_address>0x2000d6c8</load_address>
         <run_address>0x2000d6c8</run_address>
         <size>0x50</size>
         <input_file_ref idref="fl-f9"/>
      </object_component>
      <object_component id="oc-789">
         <name>.text:SPIIntEnable</name>
         <load_address>0x2000d718</load_address>
         <run_address>0x2000d718</run_address>
         <size>0x4c</size>
         <input_file_ref idref="fl-f3"/>
      </object_component>
      <object_component id="oc-8e8">
         <name>.text:SPIIntNumberGet</name>
         <load_address>0x2000d764</load_address>
         <run_address>0x2000d764</run_address>
         <size>0x4c</size>
         <input_file_ref idref="fl-f3"/>
      </object_component>
      <object_component id="oc-58c">
         <name>.text:_SlDrvProtectAsyncRespSetting</name>
         <load_address>0x2000d7b0</load_address>
         <run_address>0x2000d7b0</run_address>
         <size>0x4c</size>
         <input_file_ref idref="fl-fa"/>
      </object_component>
      <object_component id="oc-644">
         <name>.text:_sl_BuildAddress</name>
         <load_address>0x2000d7fc</load_address>
         <run_address>0x2000d7fc</run_address>
         <size>0x4c</size>
         <input_file_ref idref="fl-fe"/>
      </object_component>
      <object_component id="oc-4dd">
         <name>.text:atoi</name>
         <load_address>0x2000d848</load_address>
         <run_address>0x2000d848</run_address>
         <size>0x4c</size>
         <input_file_ref idref="fl-e6"/>
      </object_component>
      <object_component id="oc-159">
         <name>.text:snprintf</name>
         <load_address>0x2000d894</load_address>
         <run_address>0x2000d894</run_address>
         <size>0x4c</size>
         <input_file_ref idref="fl-c8"/>
      </object_component>
      <object_component id="oc-8ac">
         <name>.text:uDMAChannelAssign</name>
         <load_address>0x2000d8e0</load_address>
         <run_address>0x2000d8e0</run_address>
         <size>0x4c</size>
         <input_file_ref idref="fl-102"/>
      </object_component>
      <object_component id="oc-381">
         <name>.text:GPIOGetIntNumber</name>
         <load_address>0x2000d92c</load_address>
         <run_address>0x2000d92c</run_address>
         <size>0x48</size>
         <input_file_ref idref="fl-ef"/>
      </object_component>
      <object_component id="oc-8cc">
         <name>.text:SPIIntClear</name>
         <load_address>0x2000d974</load_address>
         <run_address>0x2000d974</run_address>
         <size>0x48</size>
         <input_file_ref idref="fl-f3"/>
      </object_component>
      <object_component id="oc-5ee">
         <name>.text:_SlDrvBasicCmd</name>
         <load_address>0x2000d9bc</load_address>
         <run_address>0x2000d9bc</run_address>
         <size>0x48</size>
         <input_file_ref idref="fl-fa"/>
      </object_component>
      <object_component id="oc-6cd">
         <name>.text</name>
         <load_address>0x2000da04</load_address>
         <run_address>0x2000da04</run_address>
         <size>0x48</size>
         <input_file_ref idref="fl-dd"/>
      </object_component>
      <object_component id="oc-8bc">
         <name>.text:SPIDmaMaskGet</name>
         <load_address>0x2000da4c</load_address>
         <run_address>0x2000da4c</run_address>
         <size>0x44</size>
         <input_file_ref idref="fl-f3"/>
      </object_component>
      <object_component id="oc-9ce">
         <name>.text:TimerConfigure</name>
         <load_address>0x2000da90</load_address>
         <run_address>0x2000da90</run_address>
         <size>0x44</size>
         <input_file_ref idref="fl-101"/>
      </object_component>
      <object_component id="oc-2d4">
         <name>.text:UARTIntNumberGet</name>
         <load_address>0x2000dad4</load_address>
         <run_address>0x2000dad4</run_address>
         <size>0x44</size>
         <input_file_ref idref="fl-f5"/>
      </object_component>
      <object_component id="oc-9fe">
         <name>.text:_SlDrvHandleHttpServerEvents</name>
         <load_address>0x2000db18</load_address>
         <run_address>0x2000db18</run_address>
         <size>0x44</size>
         <input_file_ref idref="fl-fa"/>
      </object_component>
      <object_component id="oc-5a4">
         <name>.text:_SlDrvSyncObjWaitTimeout</name>
         <load_address>0x2000db5c</load_address>
         <run_address>0x2000db5c</run_address>
         <size>0x44</size>
         <input_file_ref idref="fl-fa"/>
      </object_component>
      <object_component id="oc-1ef">
         <name>.text:__TI_auto_init_nobinit_nopinit:__TI_auto_init_nobinit_nopinit</name>
         <load_address>0x2000dba0</load_address>
         <run_address>0x2000dba0</run_address>
         <size>0x44</size>
         <input_file_ref idref="fl-df"/>
      </object_component>
      <object_component id="oc-90d">
         <name>.text:cc_SetupTransfer</name>
         <load_address>0x2000dbe4</load_address>
         <run_address>0x2000dbe4</run_address>
         <size>0x44</size>
         <input_file_ref idref="fl-100"/>
      </object_component>
      <object_component id="oc-3f8">
         <name>.text:sl_Htonl</name>
         <load_address>0x2000dc28</load_address>
         <run_address>0x2000dc28</run_address>
         <size>0x42</size>
         <input_file_ref idref="fl-fe"/>
      </object_component>
      <object_component id="oc-359">
         <name>.text:PinModeSet</name>
         <load_address>0x2000dc6c</load_address>
         <run_address>0x2000dc6c</run_address>
         <size>0x40</size>
         <input_file_ref idref="fl-f1"/>
      </object_component>
      <object_component id="oc-986">
         <name>.text:_SlDrvHandleNetAppEvents</name>
         <load_address>0x2000dcac</load_address>
         <run_address>0x2000dcac</run_address>
         <size>0x40</size>
         <input_file_ref idref="fl-fa"/>
      </object_component>
      <object_component id="oc-980">
         <name>.text:_SlDrvHandleWlanEvents</name>
         <load_address>0x2000dcec</load_address>
         <run_address>0x2000dcec</run_address>
         <size>0x40</size>
         <input_file_ref idref="fl-fa"/>
      </object_component>
      <object_component id="oc-423">
         <name>.text:_sl_TruncatePayloadByProtocol</name>
         <load_address>0x2000dd2c</load_address>
         <run_address>0x2000dd2c</run_address>
         <size>0x40</size>
         <input_file_ref idref="fl-fe"/>
      </object_component>
      <object_component id="oc-1bf">
         <name>.text:sprintf</name>
         <load_address>0x2000dd6c</load_address>
         <run_address>0x2000dd6c</run_address>
         <size>0x40</size>
         <input_file_ref idref="fl-c9"/>
      </object_component>
      <object_component id="oc-289">
         <name>.text:vsnprintf</name>
         <load_address>0x2000ddac</load_address>
         <run_address>0x2000ddac</run_address>
         <size>0x40</size>
         <input_file_ref idref="fl-ca"/>
      </object_component>
      <object_component id="oc-598">
         <name>.text:NwpRegisterInterruptHandler</name>
         <load_address>0x2000ddec</load_address>
         <run_address>0x2000ddec</run_address>
         <size>0x3e</size>
         <input_file_ref idref="fl-100"/>
      </object_component>
      <object_component id="oc-6f5">
         <name>.text:_fcpy</name>
         <load_address>0x2000de2a</load_address>
         <run_address>0x2000de2a</run_address>
         <size>0x3e</size>
         <input_file_ref idref="fl-d7"/>
      </object_component>
      <object_component id="oc-9a7">
         <name>.text:CopyPingResultsToReport</name>
         <load_address>0x2000de68</load_address>
         <run_address>0x2000de68</run_address>
         <size>0x3c</size>
         <input_file_ref idref="fl-fb"/>
      </object_component>
      <object_component id="oc-179">
         <name>.text:PRCMPeripheralClkEnable</name>
         <load_address>0x2000dea4</load_address>
         <run_address>0x2000dea4</run_address>
         <size>0x3c</size>
         <input_file_ref idref="fl-f2"/>
      </object_component>
      <object_component id="oc-950">
         <name>.text:simplelink_timerA2_start</name>
         <load_address>0x2000dee0</load_address>
         <run_address>0x2000dee0</run_address>
         <size>0x3c</size>
         <input_file_ref idref="fl-100"/>
      </object_component>
      <object_component id="oc-3f2">
         <name>.text:sl_Htons</name>
         <load_address>0x2000df1c</load_address>
         <run_address>0x2000df1c</run_address>
         <size>0x3c</size>
         <input_file_ref idref="fl-fe"/>
      </object_component>
      <object_component id="oc-95d">
         <name>.text:uDMAChannelControlSet</name>
         <load_address>0x2000df58</load_address>
         <run_address>0x2000df58</run_address>
         <size>0x3c</size>
         <input_file_ref idref="fl-102"/>
      </object_component>
      <object_component id="oc-592">
         <name>.text:NwpPowerOff</name>
         <load_address>0x2000df94</load_address>
         <run_address>0x2000df94</run_address>
         <size>0x38</size>
         <input_file_ref idref="fl-100"/>
      </object_component>
      <object_component id="oc-3bc">
         <name>.text:sl_WlanDisconnect</name>
         <load_address>0x2000dfcc</load_address>
         <run_address>0x2000dfcc</run_address>
         <size>0x38</size>
         <input_file_ref idref="fl-ff"/>
      </object_component>
      <object_component id="oc-365">
         <name>.text:GPIODirModeSet</name>
         <load_address>0x2000e004</load_address>
         <run_address>0x2000e004</run_address>
         <size>0x36</size>
         <input_file_ref idref="fl-ef"/>
      </object_component>
      <object_component id="oc-76b">
         <name>.text:PRCMPeripheralStatusGet</name>
         <load_address>0x2000e03c</load_address>
         <run_address>0x2000e03c</run_address>
         <size>0x34</size>
         <input_file_ref idref="fl-f2"/>
      </object_component>
      <object_component id="oc-783">
         <name>.text:SPIFIFOLevelSet</name>
         <load_address>0x2000e070</load_address>
         <run_address>0x2000e070</run_address>
         <size>0x34</size>
         <input_file_ref idref="fl-f3"/>
      </object_component>
      <object_component id="oc-35f">
         <name>.text:PinTypeGPIO</name>
         <load_address>0x2000e0a4</load_address>
         <run_address>0x2000e0a4</run_address>
         <size>0x30</size>
         <input_file_ref idref="fl-f1"/>
      </object_component>
      <object_component id="oc-2c6">
         <name>.text:UARTDisable</name>
         <load_address>0x2000e0d4</load_address>
         <run_address>0x2000e0d4</run_address>
         <size>0x30</size>
         <input_file_ref idref="fl-f5"/>
      </object_component>
      <object_component id="oc-2e3">
         <name>.text:_outs</name>
         <load_address>0x2000e104</load_address>
         <run_address>0x2000e104</run_address>
         <size>0x30</size>
         <input_file_ref idref="fl-c8"/>
      </object_component>
      <object_component id="oc-499">
         <name>.text:_outs</name>
         <load_address>0x2000e134</load_address>
         <run_address>0x2000e134</run_address>
         <size>0x30</size>
         <input_file_ref idref="fl-ca"/>
      </object_component>
      <object_component id="oc-6d8">
         <name>.text</name>
         <load_address>0x2000e164</load_address>
         <run_address>0x2000e164</run_address>
         <size>0x2e</size>
         <input_file_ref idref="fl-de"/>
      </object_component>
      <object_component id="oc-59e">
         <name>.text:NwpPowerOn</name>
         <load_address>0x2000e194</load_address>
         <run_address>0x2000e194</run_address>
         <size>0x2c</size>
         <input_file_ref idref="fl-100"/>
      </object_component>
      <object_component id="oc-232">
         <name>.text:PRCMSysResetCauseGet</name>
         <load_address>0x2000e1c0</load_address>
         <run_address>0x2000e1c0</run_address>
         <size>0x2c</size>
         <input_file_ref idref="fl-f2"/>
      </object_component>
      <object_component id="oc-52f">
         <name>.text:_SlDrvObjGlobalLockWaitForever</name>
         <load_address>0x2000e1ec</load_address>
         <run_address>0x2000e1ec</run_address>
         <size>0x2c</size>
         <input_file_ref idref="fl-fa"/>
      </object_component>
      <object_component id="oc-61f">
         <name>.text:_SlDrvProtectionObjLockWaitForever</name>
         <load_address>0x2000e218</load_address>
         <run_address>0x2000e218</run_address>
         <size>0x2c</size>
         <input_file_ref idref="fl-fa"/>
      </object_component>
      <object_component id="oc-9da">
         <name>.text:TimerLoadSet</name>
         <load_address>0x2000e244</load_address>
         <run_address>0x2000e244</run_address>
         <size>0x2a</size>
         <input_file_ref idref="fl-101"/>
      </object_component>
      <object_component id="oc-9d4">
         <name>.text:TimerPrescaleSet</name>
         <load_address>0x2000e26e</load_address>
         <run_address>0x2000e26e</run_address>
         <size>0x2a</size>
         <input_file_ref idref="fl-101"/>
      </object_component>
      <object_component id="oc-244">
         <name>.text:PRCMPeripheralClkDisable</name>
         <load_address>0x2000e298</load_address>
         <run_address>0x2000e298</run_address>
         <size>0x28</size>
         <input_file_ref idref="fl-f2"/>
      </object_component>
      <object_component id="oc-535">
         <name>.text:_SlDrvGlobalObjUnLock</name>
         <load_address>0x2000e2c0</load_address>
         <run_address>0x2000e2c0</run_address>
         <size>0x28</size>
         <input_file_ref idref="fl-fa"/>
      </object_component>
      <object_component id="oc-625">
         <name>.text:_SlDrvProtectionObjUnLock</name>
         <load_address>0x2000e2e8</load_address>
         <run_address>0x2000e2e8</run_address>
         <size>0x28</size>
         <input_file_ref idref="fl-fa"/>
      </object_component>
      <object_component id="oc-62b">
         <name>.text:_SlDrvSyncObjWaitForever</name>
         <load_address>0x2000e310</load_address>
         <run_address>0x2000e310</run_address>
         <size>0x28</size>
         <input_file_ref idref="fl-fa"/>
      </object_component>
      <object_component id="oc-4c3">
         <name>.text:free_list_insert</name>
         <load_address>0x2000e338</load_address>
         <run_address>0x2000e338</run_address>
         <size>0x28</size>
         <input_file_ref idref="fl-d3"/>
      </object_component>
      <object_component id="oc-295">
         <name>.text:memmove</name>
         <load_address>0x2000e360</load_address>
         <run_address>0x2000e360</run_address>
         <size>0x28</size>
         <input_file_ref idref="fl-d2"/>
      </object_component>
      <object_component id="oc-65a">
         <name>.text:_SlDrvObjLockWaitForever</name>
         <load_address>0x2000e388</load_address>
         <run_address>0x2000e388</run_address>
         <size>0x26</size>
         <input_file_ref idref="fl-fa"/>
      </object_component>
      <object_component id="oc-a20">
         <name>.text</name>
         <load_address>0x2000e3ae</load_address>
         <run_address>0x2000e3ae</run_address>
         <size>0x26</size>
         <input_file_ref idref="fl-6"/>
      </object_component>
      <object_component id="oc-795">
         <name>.text:DmaSpiSwIntHandler</name>
         <load_address>0x2000e3d4</load_address>
         <run_address>0x2000e3d4</run_address>
         <size>0x24</size>
         <input_file_ref idref="fl-100"/>
      </object_component>
      <object_component id="oc-7ab">
         <name>.text:IntUnregister</name>
         <load_address>0x2000e3f8</load_address>
         <run_address>0x2000e3f8</run_address>
         <size>0x24</size>
         <input_file_ref idref="fl-f0"/>
      </object_component>
      <object_component id="oc-2cc">
         <name>.text:UARTEnable</name>
         <load_address>0x2000e41c</load_address>
         <run_address>0x2000e41c</run_address>
         <size>0x24</size>
         <input_file_ref idref="fl-f5"/>
      </object_component>
      <object_component id="oc-5b">
         <name>.text:_c_int00_noargs:_c_int00_noargs</name>
         <load_address>0x2000e440</load_address>
         <run_address>0x2000e440</run_address>
         <size>0x24</size>
         <input_file_ref idref="fl-d6"/>
      </object_component>
      <object_component id="oc-f5">
         <name>.text:GPIOIntStatus</name>
         <load_address>0x2000e464</load_address>
         <run_address>0x2000e464</run_address>
         <size>0x22</size>
         <input_file_ref idref="fl-ef"/>
      </object_component>
      <object_component id="oc-185">
         <name>.text:SPIReset</name>
         <load_address>0x2000e486</load_address>
         <run_address>0x2000e486</run_address>
         <size>0x22</size>
         <input_file_ref idref="fl-f3"/>
      </object_component>
      <object_component id="oc-877">
         <name>.text:SPIWordCountSet</name>
         <load_address>0x2000e4a8</load_address>
         <run_address>0x2000e4a8</run_address>
         <size>0x22</size>
         <input_file_ref idref="fl-f3"/>
      </object_component>
      <object_component id="oc-262">
         <name>.text:GPIOPinWrite</name>
         <load_address>0x2000e4ca</load_address>
         <run_address>0x2000e4ca</run_address>
         <size>0x20</size>
         <input_file_ref idref="fl-ef"/>
      </object_component>
      <object_component id="oc-24c">
         <name>.text:IntRegister</name>
         <load_address>0x2000e4ec</load_address>
         <run_address>0x2000e4ec</run_address>
         <size>0x20</size>
         <input_file_ref idref="fl-f0"/>
      </object_component>
      <object_component id="oc-5cc">
         <name>.text:NwpPrePowerOffTimout0</name>
         <load_address>0x2000e50c</load_address>
         <run_address>0x2000e50c</run_address>
         <size>0x20</size>
         <input_file_ref idref="fl-100"/>
      </object_component>
      <object_component id="oc-274">
         <name>.text:SPIDataGet</name>
         <load_address>0x2000e52c</load_address>
         <run_address>0x2000e52c</run_address>
         <size>0x20</size>
         <input_file_ref idref="fl-f3"/>
      </object_component>
      <object_component id="oc-8f3">
         <name>.text:TimerGetCurrentTimestamp</name>
         <load_address>0x2000e54c</load_address>
         <run_address>0x2000e54c</run_address>
         <size>0x20</size>
         <input_file_ref idref="fl-100"/>
      </object_component>
      <object_component id="oc-666">
         <name>.text:_SlDrvObjUnLock</name>
         <load_address>0x2000e56c</load_address>
         <run_address>0x2000e56c</run_address>
         <size>0x20</size>
         <input_file_ref idref="fl-fa"/>
      </object_component>
      <object_component id="oc-7c6">
         <name>.text:_SlDrvSyncObjSignal</name>
         <load_address>0x2000e58c</load_address>
         <run_address>0x2000e58c</run_address>
         <size>0x20</size>
         <input_file_ref idref="fl-fa"/>
      </object_component>
      <object_component id="oc-197">
         <name>.text:GPIOIntRegister</name>
         <load_address>0x2000e5ac</load_address>
         <run_address>0x2000e5ac</run_address>
         <size>0x1e</size>
         <input_file_ref idref="fl-ef"/>
      </object_component>
      <object_component id="oc-26e">
         <name>.text:SPIDataPut</name>
         <load_address>0x2000e5ca</load_address>
         <run_address>0x2000e5ca</run_address>
         <size>0x1e</size>
         <input_file_ref idref="fl-f3"/>
      </object_component>
      <object_component id="oc-9e0">
         <name>.text:TimerEnable</name>
         <load_address>0x2000e5e8</load_address>
         <run_address>0x2000e5e8</run_address>
         <size>0x1e</size>
         <input_file_ref idref="fl-101"/>
      </object_component>
      <object_component id="oc-283">
         <name>.text:UARTCharPut</name>
         <load_address>0x2000e606</load_address>
         <run_address>0x2000e606</run_address>
         <size>0x1e</size>
         <input_file_ref idref="fl-f5"/>
      </object_component>
      <object_component id="oc-14d">
         <name>.text:UARTIntRegister</name>
         <load_address>0x2000e624</load_address>
         <run_address>0x2000e624</run_address>
         <size>0x1e</size>
         <input_file_ref idref="fl-f5"/>
      </object_component>
      <object_component id="oc-111">
         <name>.text:UARTIntStatus</name>
         <load_address>0x2000e642</load_address>
         <run_address>0x2000e642</run_address>
         <size>0x1e</size>
         <input_file_ref idref="fl-f5"/>
      </object_component>
      <object_component id="oc-771">
         <name>.text:cc_UDMAChannelSelect</name>
         <load_address>0x2000e660</load_address>
         <run_address>0x2000e660</run_address>
         <size>0x1e</size>
         <input_file_ref idref="fl-100"/>
      </object_component>
      <object_component id="oc-e3">
         <name>.text:SysTickIntRegister</name>
         <load_address>0x2000e680</load_address>
         <run_address>0x2000e680</run_address>
         <size>0x1c</size>
         <input_file_ref idref="fl-f4"/>
      </object_component>
      <object_component id="oc-956">
         <name>.text:TimerValueGet</name>
         <load_address>0x2000e69c</load_address>
         <run_address>0x2000e69c</run_address>
         <size>0x1c</size>
         <input_file_ref idref="fl-101"/>
      </object_component>
      <object_component id="oc-28f">
         <name>.text:UARTCharGetNonBlocking</name>
         <load_address>0x2000e6b8</load_address>
         <run_address>0x2000e6b8</run_address>
         <size>0x1c</size>
         <input_file_ref idref="fl-f5"/>
      </object_component>
      <object_component id="oc-818">
         <name>.text:_SlDrvStartMeasureTimeout</name>
         <load_address>0x2000e6d4</load_address>
         <run_address>0x2000e6d4</run_address>
         <size>0x1c</size>
         <input_file_ref idref="fl-fa"/>
      </object_component>
      <object_component id="oc-4b6">
         <name>.text:free_list_remove</name>
         <load_address>0x2000e6f0</load_address>
         <run_address>0x2000e6f0</run_address>
         <size>0x1c</size>
         <input_file_ref idref="fl-d3"/>
      </object_component>
      <object_component id="oc-506">
         <name>.text:memccpy</name>
         <load_address>0x2000e70c</load_address>
         <run_address>0x2000e70c</run_address>
         <size>0x1c</size>
         <input_file_ref idref="fl-e8"/>
      </object_component>
      <object_component id="oc-96f">
         <name>.text:uDMAChannelEnable</name>
         <load_address>0x2000e728</load_address>
         <run_address>0x2000e728</run_address>
         <size>0x1c</size>
         <input_file_ref idref="fl-102"/>
      </object_component>
      <object_component id="oc-1a3">
         <name>.text:GPIOIntEnable</name>
         <load_address>0x2000e744</load_address>
         <run_address>0x2000e744</run_address>
         <size>0x1a</size>
         <input_file_ref idref="fl-ef"/>
      </object_component>
      <object_component id="oc-36b">
         <name>.text:PinTypeSPI</name>
         <load_address>0x2000e75e</load_address>
         <run_address>0x2000e75e</run_address>
         <size>0x1a</size>
         <input_file_ref idref="fl-f1"/>
      </object_component>
      <object_component id="oc-371">
         <name>.text:PinTypeUART</name>
         <load_address>0x2000e778</load_address>
         <run_address>0x2000e778</run_address>
         <size>0x1a</size>
         <input_file_ref idref="fl-f1"/>
      </object_component>
      <object_component id="oc-7e7">
         <name>.text:SPIDmaDisable</name>
         <load_address>0x2000e792</load_address>
         <run_address>0x2000e792</run_address>
         <size>0x1a</size>
         <input_file_ref idref="fl-f3"/>
      </object_component>
      <object_component id="oc-77d">
         <name>.text:SPIDmaEnable</name>
         <load_address>0x2000e7ac</load_address>
         <run_address>0x2000e7ac</run_address>
         <size>0x1a</size>
         <input_file_ref idref="fl-f3"/>
      </object_component>
      <object_component id="oc-7e1">
         <name>.text:SPIFIFODisable</name>
         <load_address>0x2000e7c6</load_address>
         <run_address>0x2000e7c6</run_address>
         <size>0x1a</size>
         <input_file_ref idref="fl-f3"/>
      </object_component>
      <object_component id="oc-777">
         <name>.text:SPIFIFOEnable</name>
         <load_address>0x2000e7e0</load_address>
         <run_address>0x2000e7e0</run_address>
         <size>0x1a</size>
         <input_file_ref idref="fl-f3"/>
      </object_component>
      <object_component id="oc-7db">
         <name>.text:SPIIntUnregister</name>
         <load_address>0x2000e7fa</load_address>
         <run_address>0x2000e7fa</run_address>
         <size>0x1a</size>
         <input_file_ref idref="fl-f3"/>
      </object_component>
      <object_component id="oc-449">
         <name>.text:GPIOPinRead</name>
         <load_address>0x2000e814</load_address>
         <run_address>0x2000e814</run_address>
         <size>0x18</size>
         <input_file_ref idref="fl-ef"/>
      </object_component>
      <object_component id="oc-27a">
         <name>.text:SPICSDisable</name>
         <load_address>0x2000e82c</load_address>
         <run_address>0x2000e82c</run_address>
         <size>0x18</size>
         <input_file_ref idref="fl-f3"/>
      </object_component>
      <object_component id="oc-268">
         <name>.text:SPICSEnable</name>
         <load_address>0x2000e844</load_address>
         <run_address>0x2000e844</run_address>
         <size>0x18</size>
         <input_file_ref idref="fl-f3"/>
      </object_component>
      <object_component id="oc-765">
         <name>.text:SPIDisable</name>
         <load_address>0x2000e85c</load_address>
         <run_address>0x2000e85c</run_address>
         <size>0x18</size>
         <input_file_ref idref="fl-f3"/>
      </object_component>
      <object_component id="oc-191">
         <name>.text:SPIEnable</name>
         <load_address>0x2000e874</load_address>
         <run_address>0x2000e874</run_address>
         <size>0x18</size>
         <input_file_ref idref="fl-f3"/>
      </object_component>
      <object_component id="oc-dd">
         <name>.text:SysTickPeriodSet</name>
         <load_address>0x2000e88c</load_address>
         <run_address>0x2000e88c</run_address>
         <size>0x18</size>
         <input_file_ref idref="fl-f4"/>
      </object_component>
      <object_component id="oc-135">
         <name>.text:UARTCharsAvail</name>
         <load_address>0x2000e8a4</load_address>
         <run_address>0x2000e8a4</run_address>
         <size>0x18</size>
         <input_file_ref idref="fl-f5"/>
      </object_component>
      <object_component id="oc-147">
         <name>.text:UARTFIFOLevelSet</name>
         <load_address>0x2000e8bc</load_address>
         <run_address>0x2000e8bc</run_address>
         <size>0x18</size>
         <input_file_ref idref="fl-f5"/>
      </object_component>
      <object_component id="oc-153">
         <name>.text:UARTIntEnable</name>
         <load_address>0x2000e8d4</load_address>
         <run_address>0x2000e8d4</run_address>
         <size>0x18</size>
         <input_file_ref idref="fl-f5"/>
      </object_component>
      <object_component id="oc-72c">
         <name>.text:_SlNonOsSemSet</name>
         <load_address>0x2000e8ec</load_address>
         <run_address>0x2000e8ec</run_address>
         <size>0x18</size>
         <input_file_ref idref="fl-fd"/>
      </object_component>
      <object_component id="oc-2e9">
         <name>.text:_outc</name>
         <load_address>0x2000e904</load_address>
         <run_address>0x2000e904</run_address>
         <size>0x18</size>
         <input_file_ref idref="fl-c8"/>
      </object_component>
      <object_component id="oc-49f">
         <name>.text:_outc</name>
         <load_address>0x2000e91c</load_address>
         <run_address>0x2000e91c</run_address>
         <size>0x18</size>
         <input_file_ref idref="fl-ca"/>
      </object_component>
      <object_component id="oc-415">
         <name>.text:_outs</name>
         <load_address>0x2000e934</load_address>
         <run_address>0x2000e934</run_address>
         <size>0x18</size>
         <input_file_ref idref="fl-c9"/>
      </object_component>
      <object_component id="oc-5b0">
         <name>.text:_sl_GetStartResponseConvert</name>
         <load_address>0x2000e94c</load_address>
         <run_address>0x2000e94c</run_address>
         <size>0x18</size>
         <input_file_ref idref="fl-f9"/>
      </object_component>
      <object_component id="oc-10c">
         <name>.text</name>
         <load_address>0x2000e964</load_address>
         <run_address>0x2000e964</run_address>
         <size>0x18</size>
         <input_file_ref idref="fl-cb"/>
      </object_component>
      <object_component id="oc-238">
         <name>.text:PRCMHIBRegRead</name>
         <load_address>0x2000e97c</load_address>
         <run_address>0x2000e97c</run_address>
         <size>0x16</size>
         <input_file_ref idref="fl-f2"/>
      </object_component>
      <object_component id="oc-23e">
         <name>.text:PRCMHIBRegWrite</name>
         <load_address>0x2000e992</load_address>
         <run_address>0x2000e992</run_address>
         <size>0x16</size>
         <input_file_ref idref="fl-f2"/>
      </object_component>
      <object_component id="oc-123">
         <name>.text:UARTCharGet</name>
         <load_address>0x2000e9a8</load_address>
         <run_address>0x2000e9a8</run_address>
         <size>0x16</size>
         <input_file_ref idref="fl-f5"/>
      </object_component>
      <object_component id="oc-528">
         <name>.text:_SlDrvMemZero</name>
         <load_address>0x2000e9be</load_address>
         <run_address>0x2000e9be</run_address>
         <size>0x16</size>
         <input_file_ref idref="fl-fa"/>
      </object_component>
      <object_component id="oc-709">
         <name>.text:strchr</name>
         <load_address>0x2000e9d4</load_address>
         <run_address>0x2000e9d4</run_address>
         <size>0x16</size>
         <input_file_ref idref="fl-e9"/>
      </object_component>
      <object_component id="oc-222">
         <name>.text:CPUcpsie</name>
         <load_address>0x2000e9ea</load_address>
         <run_address>0x2000e9ea</run_address>
         <size>0x14</size>
         <input_file_ref idref="fl-f7"/>
      </object_component>
      <object_component id="oc-fb">
         <name>.text:GPIOIntClear</name>
         <load_address>0x2000e9fe</load_address>
         <run_address>0x2000e9fe</run_address>
         <size>0x14</size>
         <input_file_ref idref="fl-ef"/>
      </object_component>
      <object_component id="oc-c5">
         <name>.text:IntVTableBaseSet</name>
         <load_address>0x2000ea14</load_address>
         <run_address>0x2000ea14</run_address>
         <size>0x14</size>
         <input_file_ref idref="fl-f0"/>
      </object_component>
[...]
         <name>UARTCharGetNonBlocking</name>
         <value>0x2000e6b9</value>
         <object_component_ref idref="oc-28f"/>
      </symbol>
      <symbol id="sm-c8b">
         <name>UARTCharPut</name>
         <value>0x2000e607</value>
         <object_component_ref idref="oc-283"/>
      </symbol>
      <symbol id="sm-c8c">
         <name>UARTEnable</name>
         <value>0x2000e41d</value>
         <object_component_ref idref="oc-2cc"/>
      </symbol>
      <symbol id="sm-c8d">
         <name>UARTIntClear</name>
         <value>0x2000ea51</value>
         <object_component_ref idref="oc-117"/>
      </symbol>
      <symbol id="sm-c8e">
         <name>UARTIntStatus</name>
         <value>0x2000e643</value>
         <object_component_ref idref="oc-111"/>
      </symbol>
      <symbol id="sm-c8f">
         <name>UARTCharGet</name>
         <value>0x2000e9a9</value>
         <object_component_ref idref="oc-123"/>
      </symbol>
      <symbol id="sm-c90">
         <name>UARTFIFOLevelSet</name>
         <value>0x2000e8bd</value>
         <object_component_ref idref="oc-147"/>
      </symbol>
      <symbol id="sm-c91">
         <name>UARTIntRegister</name>
         <value>0x2000e625</value>
         <object_component_ref idref="oc-14d"/>
      </symbol>
      <symbol id="sm-c95">
         <name>UtilsDelay</name>
         <value>0x2000eb31</value>
         <object_component_ref idref="oc-3e7"/>
      </symbol>
      <symbol id="sm-c9f">
         <name>CPUcpsie</name>
         <value>0x2000e9eb</value>
         <object_component_ref idref="oc-222"/>
      </symbol>
      <symbol id="sm-d5b">
         <name>_sl_HandleAsync_InitComplete</name>
         <value>0x2000c779</value>
         <object_component_ref idref="oc-9ed"/>
      </symbol>
      <symbol id="sm-d5c">
         <name>_SlDrvDeviceEventHandler</name>
         <value>0x2000bf65</value>
         <object_component_ref idref="oc-97a"/>
      </symbol>
      <symbol id="sm-d5d">
         <name>_sl_HandleAsync_Stop</name>
         <value>0x2000d6c9</value>
         <object_component_ref idref="oc-9c2"/>
      </symbol>
      <symbol id="sm-d5e">
         <name>sl_DevSet</name>
         <value>0x2000c001</value>
         <object_component_ref idref="oc-162"/>
      </symbol>
      <symbol id="sm-d5f">
         <name>sl_Stop</name>
         <value>0x2000ad31</value>
         <object_component_ref idref="oc-3a4"/>
      </symbol>
      <symbol id="sm-d60">
         <name>sl_Start</name>
         <value>0x2000b001</value>
         <object_component_ref idref="oc-392"/>
      </symbol>
      <symbol id="sm-d61">
         <name>sl_DevGet</name>
         <value>0x2000b7e1</value>
         <object_component_ref idref="oc-3aa"/>
      </symbol>
      <symbol id="sm-104f">
         <name>RxIrqCnt</name>
         <value>0x2001f4b4</value>
      </symbol>
      <symbol id="sm-1050">
         <name>g_bDeviceRestartIsRequired</name>
         <value>0x2001f4b5</value>
      </symbol>
      <symbol id="sm-1051">
         <name>_SlDrvProtectionObjUnLock</name>
         <value>0x2000e2e9</value>
         <object_component_ref idref="oc-625"/>
      </symbol>
      <symbol id="sm-1052">
         <name>_SlDrvBasicCmd</name>
         <value>0x2000d9bd</value>
         <object_component_ref idref="oc-5ee"/>
      </symbol>
      <symbol id="sm-1053">
         <name>_SlDrvObjUnLock</name>
         <value>0x2000e56d</value>
         <object_component_ref idref="oc-666"/>
      </symbol>
      <symbol id="sm-1054">
         <name>_SlDrvObjLockWaitForever</name>
         <value>0x2000e389</value>
         <object_component_ref idref="oc-65a"/>
      </symbol>
      <symbol id="sm-1055">
         <name>_SlDrvMsgReadSpawnCtx</name>
         <value>0x2000b1d5</value>
         <object_component_ref idref="oc-756"/>
      </symbol>
      <symbol id="sm-1056">
         <name>_SlDrvDispatchHttpServerEvents</name>
         <value>0x2000ea95</value>
         <object_component_ref idref="oc-99a"/>
      </symbol>
      <symbol id="sm-1057">
         <name>_SlDrvHandleNetAppEvents</name>
         <value>0x2000dcad</value>
         <object_component_ref idref="oc-986"/>
      </symbol>
      <symbol id="sm-1058">
         <name>_SlDriverHandleError</name>
         <value>0x2000bce5</value>
         <object_component_ref idref="oc-749"/>
      </symbol>
      <symbol id="sm-1059">
         <name>_SlDrvDriverCBDeinit</name>
         <value>0x2000a7e1</value>
         <object_component_ref idref="oc-5d8"/>
      </symbol>
      <symbol id="sm-105a">
         <name>_SlDrvStartMeasureTimeout</name>
         <value>0x2000e6d5</value>
         <object_component_ref idref="oc-818"/>
      </symbol>
      <symbol id="sm-105b">
         <name>_SlDrvResetCmdExt</name>
         <value>0x2000eaa5</value>
         <object_component_ref idref="oc-2fd"/>
      </symbol>
      <symbol id="sm-105c">
         <name>_SlDrvIsTimeoutExpired</name>
         <value>0x2000c6ed</value>
         <object_component_ref idref="oc-81e"/>
      </symbol>
      <symbol id="sm-105d">
         <name>_SlDrvProtectAsyncRespSetting</name>
         <value>0x2000d7b1</value>
         <object_component_ref idref="oc-58c"/>
      </symbol>
      <symbol id="sm-105e">
         <name>_SlDrvReleasePoolObj</name>
         <value>0x20008f19</value>
         <object_component_ref idref="oc-5aa"/>
      </symbol>
      <symbol id="sm-105f">
         <name>_SlDrvHandleWlanEvents</name>
         <value>0x2000dced</value>
         <object_component_ref idref="oc-980"/>
      </symbol>
      <symbol id="sm-1060">
         <name>OpcodeTranslateTable</name>
         <value>0x2000f3b8</value>
         <object_component_ref idref="oc-89f"/>
      </symbol>
      <symbol id="sm-1061">
         <name>pPingCallBackFunc</name>
         <value>0x2001f544</value>
         <object_component_ref idref="oc-30c"/>
      </symbol>
      <symbol id="sm-1062">
         <name>_SlDrvDriverCBInit</name>
         <value>0x2000946d</value>
         <object_component_ref idref="oc-580"/>
      </symbol>
      <symbol id="sm-1063">
         <name>g_pCB</name>
         <value>0x2001f540</value>
         <object_component_ref idref="oc-30c"/>
      </symbol>
      <symbol id="sm-1064">
         <name>_SlDrvProtectionObjLockWaitForever</name>
         <value>0x2000e219</value>
         <object_component_ref idref="oc-61f"/>
      </symbol>
      <symbol id="sm-1065">
         <name>_SlDrvCmdOp</name>
         <value>0x2000b971</value>
         <object_component_ref idref="oc-303"/>
      </symbol>
      <symbol id="sm-1066">
         <name>_SlDrvSyncObjWaitTimeout</name>
         <value>0x2000db5d</value>
         <object_component_ref idref="oc-5a4"/>
      </symbol>
      <symbol id="sm-1067">
         <name>_SlDrvGlobalObjUnLock</name>
         <value>0x2000e2c1</value>
         <object_component_ref idref="oc-535"/>
      </symbol>
      <symbol id="sm-1068">
         <name>_SlDrvMemZero</name>
         <value>0x2000e9bf</value>
         <object_component_ref idref="oc-528"/>
      </symbol>
      <symbol id="sm-1069">
         <name>_SlDrvWaitForPoolObj</name>
         <value>0x200097bd</value>
         <object_component_ref idref="oc-619"/>
      </symbol>
      <symbol id="sm-106a">
         <name>_SlDrvSyncObjSignal</name>
         <value>0x2000e58d</value>
         <object_component_ref idref="oc-7c6"/>
      </symbol>
      <symbol id="sm-106b">
         <name>_SlDrvDataReadOp</name>
         <value>0x20008d35</value>
         <object_component_ref idref="oc-455"/>
      </symbol>
      <symbol id="sm-106c">
         <name>_SlDrvDataWriteOp</name>
         <value>0x20009f19</value>
         <object_component_ref idref="oc-429"/>
      </symbol>
      <symbol id="sm-106d">
         <name>_SlDrvRxIrqHandler</name>
         <value>0x2000d579</value>
         <object_component_ref idref="oc-5b6"/>
      </symbol>
      <symbol id="sm-106e">
         <name>_SlDrvHandleHttpServerEvents</name>
         <value>0x2000db19</value>
         <object_component_ref idref="oc-9fe"/>
      </symbol>
      <symbol id="sm-106f">
         <name>_SlDrvSyncObjWaitForever</name>
         <value>0x2000e311</value>
         <object_component_ref idref="oc-62b"/>
      </symbol>
      <symbol id="sm-1070">
         <name>g_SlDeviceStatus</name>
         <value>0x2001f53c</value>
         <object_component_ref idref="oc-30c"/>
      </symbol>
      <symbol id="sm-1071">
         <name>_SlDrvCmdSend</name>
         <value>0x2000cf6d</value>
         <object_component_ref idref="oc-a05"/>
      </symbol>
      <symbol id="sm-1072">
         <name>_SlActionLookupTable</name>
         <value>0x2000f3f4</value>
         <object_component_ref idref="oc-93a"/>
      </symbol>
      <symbol id="sm-111a">
         <name>sl_NetAppMDNSUnRegisterService</name>
         <value>0x2000d175</value>
         <object_component_ref idref="oc-3ce"/>
      </symbol>
      <symbol id="sm-111b">
         <name>_SlNetAppSendTokenValueCmdCtrl</name>
         <value>0x2000f5d2</value>
         <object_component_ref idref="oc-a0b"/>
      </symbol>
      <symbol id="sm-111c">
         <name>sl_NetAppDnsGetHostByName</name>
         <value>0x2000a2f5</value>
         <object_component_ref idref="oc-3ec"/>
      </symbol>
      <symbol id="sm-111d">
         <name>_sl_HandleAsync_DnsGetHostByName</name>
         <value>0x2000c425</value>
         <object_component_ref idref="oc-98e"/>
      </symbol>
      <symbol id="sm-111e">
         <name>_sl_HandleAsync_PingResponse</name>
         <value>0x2000c4b5</value>
         <object_component_ref idref="oc-926"/>
      </symbol>
      <symbol id="sm-111f">
         <name>_SlDrvNetAppEventHandler</name>
         <value>0x2000aa31</value>
         <object_component_ref idref="oc-920"/>
      </symbol>
      <symbol id="sm-1120">
         <name>_sl_HandleAsync_DnsGetHostByService</name>
         <value>0x2000b715</value>
         <object_component_ref idref="oc-994"/>
      </symbol>
      <symbol id="sm-1121">
         <name>_sl_NetAppSendTokenValue</name>
         <value>0x2000cfd9</value>
         <object_component_ref idref="oc-9a0"/>
      </symbol>
      <symbol id="sm-1122">
         <name>sl_NetAppMDNSRegisterUnregisterService</name>
         <value>0x2000b485</value>
         <object_component_ref idref="oc-603"/>
      </symbol>
      <symbol id="sm-1144">
         <name>sl_NetCfgSet</name>
         <value>0x2000c099</value>
         <object_component_ref idref="oc-3c2"/>
      </symbol>
      <symbol id="sm-118c">
         <name>_SlNonOsSemSet</name>
         <value>0x2000e8ed</value>
         <object_component_ref idref="oc-72c"/>
      </symbol>
      <symbol id="sm-118d">
         <name>_SlNonOsSpawn</name>
         <value>0x2000d0ad</value>
         <object_component_ref idref="oc-74f"/>
      </symbol>
      <symbol id="sm-118e">
         <name>_SlNonOsSemGet</name>
         <value>0x2000bae5</value>
         <object_component_ref idref="oc-660"/>
      </symbol>
      <symbol id="sm-118f">
         <name>_SlNonOsMainLoopTask</name>
         <value>0x2000ce19</value>
         <object_component_ref idref="oc-398"/>
      </symbol>
      <symbol id="sm-1190">
         <name>g__SlNonOsCB</name>
         <value>0x2001f4bc</value>
         <object_component_ref idref="oc-5bd"/>
      </symbol>
      <symbol id="sm-1291">
         <name>sl_Recv</name>
         <value>0x2000be29</value>
         <object_component_ref idref="oc-1d7"/>
      </symbol>
      <symbol id="sm-1292">
         <name>sl_Send</name>
         <value>0x2000a6ad</value>
         <object_component_ref idref="oc-1c5"/>
      </symbol>
      <symbol id="sm-1293">
         <name>_sl_HandleAsync_Connect</name>
         <value>0x2000cb2d</value>
         <object_component_ref idref="oc-9b6"/>
      </symbol>
      <symbol id="sm-1294">
         <name>sl_Htonl</name>
         <value>0x2000dc29</value>
         <object_component_ref idref="oc-3f8"/>
      </symbol>
      <symbol id="sm-1295">
         <name>sl_Htons</name>
         <value>0x2000df1d</value>
         <object_component_ref idref="oc-3f2"/>
      </symbol>
      <symbol id="sm-1296">
         <name>sl_Connect</name>
         <value>0x2000994d</value>
         <object_component_ref idref="oc-40a"/>
      </symbol>
      <symbol id="sm-1297">
         <name>sl_Socket</name>
         <value>0x2000c805</value>
         <object_component_ref idref="oc-3fe"/>
      </symbol>
      <symbol id="sm-1298">
         <name>_sl_HandleAsync_Select</name>
         <value>0x2000d621</value>
         <object_component_ref idref="oc-9bc"/>
      </symbol>
      <symbol id="sm-1299">
         <name>sl_Close</name>
         <value>0x2000d2a1</value>
         <object_component_ref idref="oc-1cb"/>
      </symbol>
      <symbol id="sm-129a">
         <name>_sl_HandleAsync_Accept</name>
         <value>0x2000d111</value>
         <object_component_ref idref="oc-9b0"/>
      </symbol>
      <symbol id="sm-129b">
         <name>sl_SetSockOpt</name>
         <value>0x2000c131</value>
         <object_component_ref idref="oc-404"/>
      </symbol>
      <symbol id="sm-1355">
         <name>sl_WlanDisconnect</name>
         <value>0x2000dfcd</value>
         <object_component_ref idref="oc-3bc"/>
      </symbol>
      <symbol id="sm-1356">
         <name>sl_WlanPolicySet</name>
         <value>0x2000c545</value>
         <object_component_ref idref="oc-3b0"/>
      </symbol>
      <symbol id="sm-1357">
         <name>sl_WlanProfileDel</name>
         <value>0x2000d301</value>
         <object_component_ref idref="oc-3b6"/>
      </symbol>
      <symbol id="sm-1358">
         <name>sl_WlanRxFilterSet</name>
         <value>0x2000ca25</value>
         <object_component_ref idref="oc-3d7"/>
      </symbol>
      <symbol id="sm-1359">
         <name>sl_WlanConnect</name>
         <value>0x20008389</value>
         <object_component_ref idref="oc-3e1"/>
      </symbol>
      <symbol id="sm-135a">
         <name>sl_WlanSet</name>
         <value>0x2000c1c9</value>
         <object_component_ref idref="oc-3c8"/>
      </symbol>
      <symbol id="sm-135b">
         <name>sl_WlanSetMode</name>
         <value>0x2000d361</value>
         <object_component_ref idref="oc-39e"/>
      </symbol>
      <symbol id="sm-147b">
         <name>g_ucDinDout</name>
         <value>0x2001f368</value>
      </symbol>
      <symbol id="sm-147c">
         <name>g_cDummy</name>
         <value>0x2001f4b6</value>
      </symbol>
      <symbol id="sm-147d">
         <name>NwpMaskInterrupt</name>
         <value>0x2000ead1</value>
         <object_component_ref idref="oc-79e"/>
      </symbol>
      <symbol id="sm-147e">
         <name>NwpPrePowerOffTimout0</name>
         <value>0x2000e50d</value>
         <object_component_ref idref="oc-5cc"/>
      </symbol>
      <symbol id="sm-147f">
         <name>NwpRegisterInterruptHandler</name>
         <value>0x2000dded</value>
         <object_component_ref idref="oc-598"/>
      </symbol>
      <symbol id="sm-1480">
         <name>g_pHostIntHdl</name>
         <value>0x2001f568</value>
         <object_component_ref idref="oc-78f"/>
      </symbol>
      <symbol id="sm-1481">
         <name>simplelink_timerA2_start</name>
         <value>0x2000dee1</value>
         <object_component_ref idref="oc-950"/>
      </symbol>
      <symbol id="sm-1482">
         <name>NwpUnMaskInterrupt</name>
         <value>0x2000eadd</value>
         <object_component_ref idref="oc-7b8"/>
      </symbol>
      <symbol id="sm-1483">
         <name>NwpPowerOff</name>
         <value>0x2000df95</value>
         <object_component_ref idref="oc-592"/>
      </symbol>
      <symbol id="sm-1484">
         <name>TimerGetCurrentTimestamp</name>
         <value>0x2000e54d</value>
         <object_component_ref idref="oc-8f3"/>
      </symbol>
      <symbol id="sm-1485">
         <name>spi_Read</name>
         <value>0x2000ae21</value>
         <object_component_ref idref="oc-892"/>
      </symbol>
      <symbol id="sm-1486">
         <name>DmaSpiSwIntHandler</name>
         <value>0x2000e3d5</value>
         <object_component_ref idref="oc-795"/>
      </symbol>
      <symbol id="sm-1487">
         <name>NwpPowerOn</name>
         <value>0x2000e195</value>
         <object_component_ref idref="oc-59e"/>
      </symbol>
      <symbol id="sm-1488">
         <name>spi_Close</name>
         <value>0x2000cd29</value>
         <object_component_ref idref="oc-5d2"/>
      </symbol>
      <symbol id="sm-1489">
         <name>spi_Write</name>
         <value>0x2000c261</value>
         <object_component_ref idref="oc-733"/>
      </symbol>
      <symbol id="sm-148a">
         <name>spi_Open</name>
         <value>0x2000a069</value>
         <object_component_ref idref="oc-586"/>
      </symbol>
      <symbol id="sm-148b">
         <name>g_ucDMAEnabled</name>
         <value>0x2001f56c</value>
         <object_component_ref idref="oc-78f"/>
      </symbol>
      <symbol id="sm-148c">
         <name>g_SpiFd</name>
         <value>0x2001f564</value>
         <object_component_ref idref="oc-78f"/>
      </symbol>
      <symbol id="sm-14bf">
         <name>TimerLoadSet</name>
         <value>0x2000e245</value>
         <object_component_ref idref="oc-9da"/>
      </symbol>
      <symbol id="sm-14c0">
         <name>TimerEnable</name>
         <value>0x2000e5e9</value>
         <object_component_ref idref="oc-9e0"/>
      </symbol>
      <symbol id="sm-14c1">
         <name>TimerValueGet</name>
         <value>0x2000e69d</value>
         <object_component_ref idref="oc-956"/>
      </symbol>
      <symbol id="sm-14c2">
         <name>TimerPrescaleSet</name>
         <value>0x2000e26f</value>
         <object_component_ref idref="oc-9d4"/>
      </symbol>
      <symbol id="sm-14c3">
         <name>TimerConfigure</name>
         <value>0x2000da91</value>
         <object_component_ref idref="oc-9ce"/>
      </symbol>
      <symbol id="sm-151a">
         <name>uDMAChannelControlSet</name>
         <value>0x2000df59</value>
         <object_component_ref idref="oc-95d"/>
      </symbol>
      <symbol id="sm-151b">
         <name>uDMAChannelAttributeEnable</name>
         <value>0x2000d23d</value>
         <object_component_ref idref="oc-963"/>
      </symbol>
      <symbol id="sm-151c">
         <name>uDMAChannelTransferSet</name>
         <value>0x2000af11</value>
         <object_component_ref idref="oc-969"/>
      </symbol>
      <symbol id="sm-151d">
         <name>uDMAChannelAssign</name>
         <value>0x2000d8e1</value>
         <object_component_ref idref="oc-8ac"/>
      </symbol>
      <symbol id="sm-151e">
         <name>uDMAChannelAttributeDisable</name>
         <value>0x2000d1d9</value>
         <object_component_ref idref="oc-8b2"/>
      </symbol>
      <symbol id="sm-151f">
         <name>uDMAChannelEnable</name>
         <value>0x2000e729</value>
         <object_component_ref idref="oc-96f"/>
      </symbol>
      <symbol id="sm-1520">
         <name>__TI_static_base__</name>
         <value>0x2000f618</value>
      </symbol>
      <symbol id="sm-1523">
         <name>__mpu_init</name>
         <value>0x0</value>
      </symbol>
      <symbol id="sm-1524">
         <name>_system_post_cinit</name>
         <value>0x0</value>
      </symbol>
   </symbol_table>
   <title>Link successful</title>
</link_info>
