******************************************************************************
                  TI ARM Linker PC v20.2.7                     
******************************************************************************
>> Linked Sat May 25 16:09:13 2024

OUTPUT FILE NAME:   <Final_Project.out>
ENTRY POINT SYMBOL: "_c_int00_noargs"  address: 2000d1b9


MEMORY CONFIGURATION

         name            origin    length      used     unused   attr    fill
----------------------  --------  ---------  --------  --------  ----  --------
  SRAM_CODE             20004000   00013000  00009eaa  00009156  RW X
  SRAM_DATA             20017000   00019000  000094d2  0000fb2e  RW X


SEGMENT ALLOCATION MAP

run origin  load origin   length   init length attrs members
----------  ----------- ---------- ----------- ----- -------
20004000    20004000    00009eb0   00009eb0    r-x
  20004000    20004000    00000400   00000400    r-- .intvecs
  20004400    20004400    00009496   00009496    r-x .text
  2000d898    2000d898    000005c4   000005c4    r-- .const
  2000de60    2000de60    00000050   00000050    r-- .cinit
20017000    20017000    000084d4   00000000    rw-
  20017000    20017000    00008000   00000000    rw- .sysmem
  2001f000    2001f000    0000042a   00000000    rw- .bss
  2001f42c    2001f42c    000000a8   00000000    rw- .data
2002f000    2002f000    00001000   00000000    rw-
  2002f000    2002f000    00001000   00000000    rw- .stack


SECTION ALLOCATION MAP

 output                                  attributes/
section   page    origin      length       input sections
--------  ----  ----------  ----------   ----------------
.intvecs   0    20004000    00000400     
                  20004000    00000400     startup_ccs.obj (.intvecs)

.init_array 
*          0    20004000    00000000     UNINITIALIZED

.text      0    20004400    00009496     
                  20004400    00000ec8     network_utils.obj (.text)
                  200052c8    00000a4e     rtsv7M4_T_le_eabi.lib : _printfi.c.obj (.text:__TI_printfi)
                  20005d16    00000002     driverlib.a : interrupt.obj (.text:IntDefaultHandler)
                  20005d18    00000590     simplelink.a : driver.obj (.text:_SlDrvMsgRead)
                  200062a8    0000057c     main.obj (.text)
                  20006824    000004aa     Adafruit_OLED.obj (.text)
                  20006cce    00000002     rtsv7M4_T_le_eabi.lib : _lock.c.obj (.text:_nop)
                  20006cd0    00000398     gpio_if.obj (.text)
                  20007068    00000280     simplelink.a : wlan.obj (.text:sl_WlanConnect)
                  200072e8    0000027c     uart_if.obj (.text)
                  20007564    00000268     rtsv7M4_T_le_eabi.lib : _printfi.c.obj (.text:_pconv_a)
                  200077cc    00000248     simplelink.a : driver.obj (.text:_SlDrvRxHdrRead)
                  20007a14    000001e4                  : driver.obj (.text:_SlDrvDataReadOp)
                  20007bf8    000001d0                  : driver.obj (.text:_SlDrvReleasePoolObj)
                  20007dc8    000001cc     rtsv7M4_T_le_eabi.lib : _printfi.c.obj (.text:_pconv_g)
                  20007f94    000001b6                           : fd_add_t2.asm.obj (.text)
                  2000814a    00000002                           : div0.asm.obj (.text)
                  2000814c    000001b4     simplelink.a : driver.obj (.text:_SlDrvDriverCBInit)
                  20008300    0000019c                  : driver.obj (.text:_SlDrvMsgWrite)
                  2000849c    00000190                  : driver.obj (.text:_SlDrvWaitForPoolObj)
                  2000862c    0000018c                  : socket.obj (.text:sl_Connect)
                  200087b8    00000178     driverlib.a : prcm.obj (.text:PRCMCC3200MCUInit)
                  20008930    00000170     simplelink.a : driver.obj (.text:_SlFindAndSetActiveObj)
                  20008aa0    00000158     pin_mux_config.obj (.text)
                  20008bf8    00000150     simplelink.a : driver.obj (.text:_SlDrvDataWriteOp)
                  20008d48    00000148                  : cc_pal.obj (.text:spi_Open)
                  20008e90    00000144                  : driver.obj (.text:_SlDrvMsgReadCmdCtx)
                  20008fd4    00000144                  : netapp.obj (.text:sl_NetAppDnsGetHostByName)
                  20009118    0000013c     rtsv7M4_T_le_eabi.lib : _printfi.c.obj (.text:_pconv_e)
                  20009254    00000136                           : fd_div_t2.asm.obj (.text)
                  2000938a    00000002     --HOLE-- [fill = 0]
                  2000938c    00000134     simplelink.a : socket.obj (.text:sl_Send)
                  200094c0    00000130                  : driver.obj (.text:_SlDrvDriverCBDeinit)
                  200095f0    00000120     rtsv7M4_T_le_eabi.lib : _printfi.c.obj (.text:fcvt)
                  20009710    00000104     simplelink.a : netapp.obj (.text:_SlDrvNetAppEventHandler)
                  20009814    00000100     rtsv7M4_T_le_eabi.lib : memory.c.obj (.text:aligned_alloc)
                  20009914    000000fc                           : fd_mul_t2.asm.obj (.text)
                  20009a10    000000f0     simplelink.a : device.obj (.text:sl_Stop)
                  20009b00    000000f0                  : cc_pal.obj (.text:spi_Read)
                  20009bf0    000000f0     driverlib.a : udma.obj (.text:uDMAChannelTransferSet)
                  20009ce0    000000ec     simplelink.a : device.obj (.text:sl_Start)
                  20009dcc    000000e8                  : driver.obj (.text:_SlAsyncEventGenericHandler)
                  20009eb4    000000e8                  : driver.obj (.text:_SlDrvMsgReadSpawnCtx)
                  20009f9c    000000e4     rtsv7M4_T_le_eabi.lib : memory.c.obj (.text:free)
                  2000a080    000000e4                           : memory.c.obj (.text:realloc)
                  2000a164    000000e4     simplelink.a : netapp.obj (.text:sl_NetAppMDNSRegisterUnregisterService)
                  2000a248    000000dc                  : driver.obj (.text:_SlDrvClassifyRxMsg)
                  2000a324    000000d0     rtsv7M4_T_le_eabi.lib : s_scalbn.c.obj (.text:scalbn)
                  2000a3f4    000000cc     simplelink.a : netapp.obj (.text:_sl_HandleAsync_DnsGetHostByService)
                  2000a4c0    000000cc                  : device.obj (.text:sl_DevGet)
                  2000a58c    000000c4                  : driver.obj (.text:_SlRemoveFromList)
                  2000a650    000000c0                  : driver.obj (.text:_SlDrvCmdOp)
                  2000a710    000000b1     rtsv7M4_T_le_eabi.lib : _printfi.c.obj (.text:_ltostr)
                  2000a7c1    00000003     --HOLE-- [fill = 0]
                  2000a7c4    000000b0     simplelink.a : nonos.obj (.text:_SlNonOsSemGet)
                  2000a874    000000a8     driverlib.a : interrupt.obj (.text:IntDisable)
                  2000a91c    000000a8                 : interrupt.obj (.text:IntEnable)
                  2000a9c4    000000a4     simplelink.a : driver.obj (.text:_SlDriverHandleError)
                  2000aa68    000000a0     driverlib.a : spi.obj (.text:SPIConfigSetExpClk)
                  2000ab08    000000a0     simplelink.a : socket.obj (.text:sl_Recv)
                  2000aba8    0000009c     rtsv7M4_T_le_eabi.lib : memcpy_t2.asm.obj (.text)
                  2000ac44    0000009a     simplelink.a : device.obj (.text:_SlDrvDeviceEventHandler)
                  2000acde    00000002     --HOLE-- [fill = 0]
                  2000ace0    00000098                  : device.obj (.text:sl_DevSet)
                  2000ad78    00000098                  : netcfg.obj (.text:sl_NetCfgSet)
                  2000ae10    00000098                  : socket.obj (.text:sl_SetSockOpt)
                  2000aea8    00000098                  : wlan.obj (.text:sl_WlanSet)
                  2000af40    00000098                  : cc_pal.obj (.text:spi_Write)
                  2000afd8    00000096     rtsv7M4_T_le_eabi.lib : ull_div_t2.asm.obj (.text)
                  2000b06e    00000002     --HOLE-- [fill = 0]
                  2000b070    00000094     driverlib.a : prcm.obj (.text:PRCMPeripheralClockGet)
                  2000b104    00000090     simplelink.a : netapp.obj (.text:_sl_HandleAsync_DnsGetHostByName)
                  2000b194    00000090                  : netapp.obj (.text:_sl_HandleAsync_PingResponse)
                  2000b224    00000090                  : wlan.obj (.text:sl_WlanPolicySet)
                  2000b2b4    0000008c                  : cc_pal.obj (.text:SetupDMAReceive)
                  2000b340    0000008c                  : cc_pal.obj (.text:SetupDMASend)
                  2000b3cc    0000008c                  : driver.obj (.text:_SlDrvIsTimeoutExpired)
                  2000b458    0000008c                  : device.obj (.text:_sl_HandleAsync_InitComplete)
                  2000b4e4    0000008c                  : socket.obj (.text:sl_Socket)
                  2000b570    00000088     driverlib.a : pin.obj (.text:PinConfigSet)
                  2000b5f8    00000086     rtsv7M4_T_le_eabi.lib : fd_cmp_t2.asm.obj (.text:__aeabi_cdcmple)
                  2000b67e    00000086                           : fd_cmp_t2.asm.obj (.text:__aeabi_cdrcmple)
                  2000b704    00000084     simplelink.a : wlan.obj (.text:sl_WlanRxFilterSet)
                  2000b788    00000082     driverlib.a : gpio.obj (.text:GPIOIntTypeSet)
                  2000b80a    00000002     --HOLE-- [fill = 0]
                  2000b80c    00000080     simplelink.a : socket.obj (.text:_sl_HandleAsync_Connect)
                  2000b88c    00000080                  : cc_pal.obj (.text:spi_Read_CPU)
                  2000b90c    00000080                  : cc_pal.obj (.text:spi_Write_CPU)
                  2000b98c    0000007a     rtsv7M4_T_le_eabi.lib : memset_t2.asm.obj (.text)
                  2000ba06    00000002     --HOLE-- [fill = 0]
                  2000ba08    00000078     simplelink.a : cc_pal.obj (.text:spi_Close)
                  2000ba80    00000076     driverlib.a : uart.obj (.text:UARTConfigSetExpClk)
                  2000baf6    00000002     --HOLE-- [fill = 0]
                  2000baf8    00000074     simplelink.a : nonos.obj (.text:_SlNonOsMainLoopTask)
                  2000bb6c    00000070     rtsv7M4_T_le_eabi.lib : memory.c.obj (.text:split)
                  2000bbdc    0000006e                           : _printfi.c.obj (.text:_mcpy)
                  2000bc4a    0000006e                           : fd_tos_t2.asm.obj (.text)
                  2000bcb8    0000006c     simplelink.a : driver.obj (.text:_SlDrvCmdSend)
                  2000bd24    0000006c                  : netapp.obj (.text:_sl_NetAppSendTokenValue)
                  2000bd90    00000068     rtsv7M4_T_le_eabi.lib : copy_decompress_lzss.c.obj (.text:decompress:lzss:__TI_decompress_lzss)
                  2000bdf8    00000064     simplelink.a : nonos.obj (.text:_SlNonOsSpawn)
                  2000be5c    00000064                  : socket.obj (.text:_sl_HandleAsync_Accept)
                  2000bec0    00000064                  : netapp.obj (.text:sl_NetAppMDNSUnRegisterService)
                  2000bf24    00000064     driverlib.a : udma.obj (.text:uDMAChannelAttributeDisable)
                  2000bf88    00000064                 : udma.obj (.text:uDMAChannelAttributeEnable)
                  2000bfec    00000060     simplelink.a : socket.obj (.text:sl_Close)
                  2000c04c    00000060                  : wlan.obj (.text:sl_WlanProfileDel)
                  2000c0ac    00000060                  : wlan.obj (.text:sl_WlanSetMode)
                  2000c10c    0000005c     rtsv7M4_T_le_eabi.lib : s_frexp.c.obj (.text:frexp)
                  2000c168    00000058     driverlib.a : interrupt.obj (.text:IntPendClear)
                  2000c1c0    00000058                 : prcm.obj (.text:PRCMPeripheralReset)
                  2000c218    00000056     rtsv7M4_T_le_eabi.lib : _printfi.c.obj (.text:_pconv_f)
                  2000c26e    00000002     --HOLE-- [fill = 0]
                  2000c270    00000054     driverlib.a : interrupt.obj (.text:IntPrioritySet)
                  2000c2c4    00000054     simplelink.a : driver.obj (.text:_SlDrvRxIrqHandler)
                  2000c318    00000054     rtsv7M4_T_le_eabi.lib : _ltoa.c.obj (.text:__TI_ltoa)
                  2000c36c    00000054     simplelink.a : socket.obj (.text:_sl_HandleAsync_Select)
                  2000c3c0    00000052     rtsv7M4_T_le_eabi.lib : _printfi.c.obj (.text:_ecpy)
                  2000c412    00000002     --HOLE-- [fill = 0]
                  2000c414    00000050     simplelink.a : device.obj (.text:_sl_HandleAsync_Stop)
                  2000c464    0000004c     driverlib.a : spi.obj (.text:SPIIntEnable)
                  2000c4b0    0000004c                 : spi.obj (.text:SPIIntNumberGet)
                  2000c4fc    0000004c     simplelink.a : driver.obj (.text:_SlDrvProtectAsyncRespSetting)
                  2000c548    0000004c                  : socket.obj (.text:_sl_BuildAddress)
                  2000c594    0000004c     rtsv7M4_T_le_eabi.lib : atoi.c.obj (.text:atoi)
                  2000c5e0    0000004c                           : snprintf.c.obj (.text:snprintf)
                  2000c62c    0000004c     driverlib.a : udma.obj (.text:uDMAChannelAssign)
                  2000c678    00000048                 : gpio.obj (.text:GPIOGetIntNumber)
                  2000c6c0    00000048                 : spi.obj (.text:SPIIntClear)
                  2000c708    00000048     simplelink.a : driver.obj (.text:_SlDrvBasicCmd)
                  2000c750    00000048     rtsv7M4_T_le_eabi.lib : fd_toi_t2.asm.obj (.text)
                  2000c798    00000044     driverlib.a : spi.obj (.text:SPIDmaMaskGet)
                  2000c7dc    00000044                 : timer.obj (.text:TimerConfigure)
                  2000c820    00000044     simplelink.a : driver.obj (.text:_SlDrvHandleHttpServerEvents)
                  2000c864    00000044                  : driver.obj (.text:_SlDrvSyncObjWaitTimeout)
                  2000c8a8    00000044     rtsv7M4_T_le_eabi.lib : autoinit.c.obj (.text:__TI_auto_init_nobinit_nopinit:__TI_auto_init_nobinit_nopinit)
                  2000c8ec    00000044     simplelink.a : cc_pal.obj (.text:cc_SetupTransfer)
                  2000c930    00000042                  : socket.obj (.text:sl_Htonl)
                  2000c972    00000002     --HOLE-- [fill = 0]
                  2000c974    00000040     driverlib.a : pin.obj (.text:PinModeSet)
                  2000c9b4    00000040     simplelink.a : driver.obj (.text:_SlDrvHandleNetAppEvents)
                  2000c9f4    00000040                  : driver.obj (.text:_SlDrvHandleWlanEvents)
                  2000ca34    00000040                  : socket.obj (.text:_sl_TruncatePayloadByProtocol)
                  2000ca74    00000040     rtsv7M4_T_le_eabi.lib : sprintf.c.obj (.text:sprintf)
                  2000cab4    00000040                           : vsnprintf.c.obj (.text:vsnprintf)
                  2000caf4    0000003e     simplelink.a : cc_pal.obj (.text:NwpRegisterInterruptHandler)
                  2000cb32    0000003e     rtsv7M4_T_le_eabi.lib : _printfi.c.obj (.text:_fcpy)
                  2000cb70    0000003c     simplelink.a : netapp.obj (.text:CopyPingResultsToReport)
                  2000cbac    0000003c     driverlib.a : prcm.obj (.text:PRCMPeripheralClkEnable)
                  2000cbe8    0000003c     simplelink.a : cc_pal.obj (.text:simplelink_timerA2_start)
                  2000cc24    0000003c                  : socket.obj (.text:sl_Htons)
                  2000cc60    0000003c     driverlib.a : udma.obj (.text:uDMAChannelControlSet)
                  2000cc9c    00000038                 : adc.obj (.text:ADCChannelEnable)
                  2000ccd4    00000038     simplelink.a : cc_pal.obj (.text:NwpPowerOff)
                  2000cd0c    00000038     rtsv7M4_T_le_eabi.lib : fs_tod_t2.asm.obj (.text)
                  2000cd44    00000038     simplelink.a : wlan.obj (.text:sl_WlanDisconnect)
                  2000cd7c    00000036     driverlib.a : gpio.obj (.text:GPIODirModeSet)
                  2000cdb2    00000002     --HOLE-- [fill = 0]
                  2000cdb4    00000034                 : prcm.obj (.text:PRCMPeripheralStatusGet)
                  2000cde8    00000034                 : spi.obj (.text:SPIFIFOLevelSet)
                  2000ce1c    00000030                 : pin.obj (.text:PinTypeGPIO)
                  2000ce4c    00000030                 : uart.obj (.text:UARTDisable)
                  2000ce7c    00000030     rtsv7M4_T_le_eabi.lib : snprintf.c.obj (.text:_outs)
                  2000ceac    00000030                           : vsnprintf.c.obj (.text:_outs)
                  2000cedc    0000002e                           : i_tofd_t2.asm.obj (.text)
                  2000cf0a    00000002     --HOLE-- [fill = 0]
                  2000cf0c    0000002c     simplelink.a : cc_pal.obj (.text:NwpPowerOn)
                  2000cf38    0000002c     driverlib.a : prcm.obj (.text:PRCMSysResetCauseGet)
                  2000cf64    0000002c     simplelink.a : driver.obj (.text:_SlDrvObjGlobalLockWaitForever)
                  2000cf90    0000002c                  : driver.obj (.text:_SlDrvProtectionObjLockWaitForever)
                  2000cfbc    0000002a     driverlib.a : timer.obj (.text:TimerLoadSet)
                  2000cfe6    0000002a                 : timer.obj (.text:TimerPrescaleSet)
                  2000d010    00000028                 : prcm.obj (.text:PRCMPeripheralClkDisable)
                  2000d038    00000028     simplelink.a : driver.obj (.text:_SlDrvGlobalObjUnLock)
                  2000d060    00000028                  : driver.obj (.text:_SlDrvProtectionObjUnLock)
                  2000d088    00000028                  : driver.obj (.text:_SlDrvSyncObjWaitForever)
                  2000d0b0    00000028     rtsv7M4_T_le_eabi.lib : memory.c.obj (.text:free_list_insert)
                  2000d0d8    00000028                           : memmov.c.obj (.text:memmove)
                  2000d100    00000026     simplelink.a : driver.obj (.text:_SlDrvObjLockWaitForever)
                  2000d126    00000026     network_common.obj (.text)
                  2000d14c    00000024     simplelink.a : cc_pal.obj (.text:DmaSpiSwIntHandler)
                  2000d170    00000024     driverlib.a : interrupt.obj (.text:IntUnregister)
                  2000d194    00000024                 : uart.obj (.text:UARTEnable)
                  2000d1b8    00000024     rtsv7M4_T_le_eabi.lib : boot_cortex_m.c.obj (.text:_c_int00_noargs:_c_int00_noargs)
                  2000d1dc    00000024                           : u_tofs_t2.asm.obj (.text)
                  2000d200    00000022     driverlib.a : adc.obj (.text:ADCTimerConfig)
                  2000d222    00000022                 : spi.obj (.text:SPIReset)
                  2000d244    00000022                 : spi.obj (.text:SPIWordCountSet)
                  2000d266    00000020                 : gpio.obj (.text:GPIOPinWrite)
                  2000d286    00000002     --HOLE-- [fill = 0]
                  2000d288    00000020                 : interrupt.obj (.text:IntRegister)
                  2000d2a8    00000020     simplelink.a : cc_pal.obj (.text:NwpPrePowerOffTimout0)
                  2000d2c8    00000020     driverlib.a : spi.obj (.text:SPIDataGet)
                  2000d2e8    00000020     simplelink.a : cc_pal.obj (.text:TimerGetCurrentTimestamp)
                  2000d308    00000020                  : driver.obj (.text:_SlDrvObjUnLock)
                  2000d328    00000020                  : driver.obj (.text:_SlDrvSyncObjSignal)
                  2000d348    0000001e     driverlib.a : gpio.obj (.text:GPIOIntRegister)
                  2000d366    0000001e                 : spi.obj (.text:SPIDataPut)
                  2000d384    0000001e                 : timer.obj (.text:TimerEnable)
                  2000d3a2    0000001e                 : uart.obj (.text:UARTCharPut)
                  2000d3c0    0000001e     simplelink.a : cc_pal.obj (.text:cc_UDMAChannelSelect)
                  2000d3de    0000001c     driverlib.a : adc.obj (.text:ADCFIFOLvlGet)
                  2000d3fa    00000002     --HOLE-- [fill = 0]
                  2000d3fc    0000001c                 : systick.obj (.text:SysTickIntRegister)
                  2000d418    0000001c                 : timer.obj (.text:TimerValueGet)
                  2000d434    0000001c                 : uart.obj (.text:UARTCharGetNonBlocking)
                  2000d450    0000001c     simplelink.a : driver.obj (.text:_SlDrvStartMeasureTimeout)
                  2000d46c    0000001c     rtsv7M4_T_le_eabi.lib : memory.c.obj (.text:free_list_remove)
                  2000d488    0000001c                           : memccpy.c.obj (.text:memccpy)
                  2000d4a4    0000001c     driverlib.a : udma.obj (.text:uDMAChannelEnable)
                  2000d4c0    0000001a                 : gpio.obj (.text:GPIOIntEnable)
                  2000d4da    0000001a                 : pin.obj (.text:PinTypeSPI)
                  2000d4f4    0000001a                 : pin.obj (.text:PinTypeUART)
                  2000d50e    0000001a                 : spi.obj (.text:SPIDmaDisable)
                  2000d528    0000001a                 : spi.obj (.text:SPIDmaEnable)
                  2000d542    0000001a                 : spi.obj (.text:SPIFIFODisable)
                  2000d55c    0000001a                 : spi.obj (.text:SPIFIFOEnable)
                  2000d576    0000001a                 : spi.obj (.text:SPIIntUnregister)
                  2000d590    00000018                 : adc.obj (.text:ADCFIFORead)
                  2000d5a8    00000018                 : gpio.obj (.text:GPIOPinRead)
                  2000d5c0    00000018                 : spi.obj (.text:SPICSDisable)
                  2000d5d8    00000018                 : spi.obj (.text:SPICSEnable)
                  2000d5f0    00000018                 : spi.obj (.text:SPIDisable)
                  2000d608    00000018                 : spi.obj (.text:SPIEnable)
                  2000d620    00000018                 : systick.obj (.text:SysTickPeriodSet)
                  2000d638    00000018                 : uart.obj (.text:UARTCharsAvail)
                  2000d650    00000018     simplelink.a : nonos.obj (.text:_SlNonOsSemSet)
                  2000d668    00000018     rtsv7M4_T_le_eabi.lib : snprintf.c.obj (.text:_outc)
                  2000d680    00000018                           : vsnprintf.c.obj (.text:_outc)
                  2000d698    00000018                           : sprintf.c.obj (.text:_outs)
                  2000d6b0    00000018     simplelink.a : device.obj (.text:_sl_GetStartResponseConvert)
                  2000d6c8    00000016     driverlib.a : adc.obj (.text:ADCTimerEnable)
                  2000d6de    00000016                 : prcm.obj (.text:PRCMHIBRegRead)
                  2000d6f4    00000016                 : prcm.obj (.text:PRCMHIBRegWrite)
                  2000d70a    00000016     simplelink.a : driver.obj (.text:_SlDrvMemZero)
                  2000d720    00000016     rtsv7M4_T_le_eabi.lib : strchr.c.obj (.text:strchr)
                  2000d736    00000014     driverlib.a : adc.obj (.text:ADCEnable)
                  2000d74a    00000014                 : cpu.obj (.text:CPUcpsie)
                  2000d75e    00000014                 : gpio.obj (.text:GPIOIntClear)
                  2000d772    00000002     --HOLE-- [fill = 0]
                  2000d774    00000014                 : interrupt.obj (.text:IntVTableBaseSet)
                  2000d788    00000014                 : pin.obj (.text:PinTypeADC)
                  2000d79c    00000014     rtsv7M4_T_le_eabi.lib : strcpy.c.obj (.text:strcpy)
                  2000d7b0    00000014                           : strlen.c.obj (.text:strlen)
                  2000d7c4    00000012                           : wcslen.c.obj (.text:wcslen)
                  2000d7d6    00000002     --HOLE-- [fill = 0]
                  2000d7d8    00000010     driverlib.a : systick.obj (.text:SysTickEnable)
                  2000d7e8    00000010                 : systick.obj (.text:SysTickIntEnable)
                  2000d7f8    00000010     simplelink.a : driver.obj (.text:_SlDrvDispatchHttpServerEvents)
                  2000d808    0000000e                  : driver.obj (.text:_SlDrvResetCmdExt)
                  2000d816    0000000e     rtsv7M4_T_le_eabi.lib : copy_decompress_none.c.obj (.text:decompress:none:__TI_decompress_none)
                  2000d824    0000000e     startup_ccs.obj (.text)
                  2000d832    00000002     --HOLE-- [fill = 0]
                  2000d834    0000000c     simplelink.a : cc_pal.obj (.text:NwpMaskInterrupt)
                  2000d840    0000000c                  : cc_pal.obj (.text:NwpUnMaskInterrupt)
                  2000d84c    0000000c     rtsv7M4_T_le_eabi.lib : s_copysign.c.obj (.text:copysign)
                  2000d858    0000000c                           : copy_zero_init.c.obj (.text:decompress:ZI:__TI_zero_init)
                  2000d864    0000000a     driverlib.a : interrupt.obj (.text:IntMasterEnable)
                  2000d86e    0000000a     rtsv7M4_T_le_eabi.lib : sprintf.c.obj (.text:_outc)
                  2000d878    00000008                           : errno.c.obj (.text:__aeabi_errno_addr)
                  2000d880    00000008                           : memory.c.obj (.text:malloc)
                  2000d888    00000006     driverlib.a : utils.obj (.text:UtilsDelay)
                  2000d88e    00000004     rtsv7M4_T_le_eabi.lib : pre_init.c.obj (.text:_system_pre_init)
                  2000d892    00000004                           : exit.c.obj (.text:abort:abort)

.const     0    2000d898    000005c4     
                  2000d898    00000101     rtsv7M4_T_le_eabi.lib : ctype.c.obj (.const:.string:_ctypes_)
                  2000d999    00000003     --HOLE-- [fill = 0]
                  2000d99c    00000100     driverlib.a : pin.obj (.const:g_ulPinToPadMap)
                  2000da9c    000000d4                 : interrupt.obj (.const:g_pulRegs)
                  2000db70    000000a8                 : prcm.obj (.const:PRCM_PeriphRegsList)
                  2000dc18    0000003c     simplelink.a : driver.obj (.const:OpcodeTranslateTable)
                  2000dc54    00000038                  : driver.obj (.const:_SlActionLookupTable)
                  2000dc8c    0000002c     network_utils.obj (.const:$P$T1$2)
                  2000dcb8    00000024     driverlib.a : spi.obj (.const:g_ppulSPIIntMap)
                  2000dcdc    00000022     network_utils.obj (.const:.string:$P$T0$1)
                  2000dcfe    00000002     --HOLE-- [fill = 0]
                  2000dd00    00000020     simplelink.a : driver.obj (.const:RxMsgClassLUT)
                  2000dd20    00000018     driverlib.a : interrupt.obj (.const:g_pulDisRegs)
                  2000dd38    00000018                 : interrupt.obj (.const:g_pulEnRegs)
                  2000dd50    00000018                 : interrupt.obj (.const:g_pulUnpendRegs)
                  2000dd68    00000018                 : spi.obj (.const:g_ulSPIDmaMaskMap)
                  2000dd80    00000014     simplelink.a : driver.obj (.const:$P$T0$1)
                  2000dd94    00000014                  : nonos.obj (.const:$P$T0$1)
                  2000dda8    00000014     network_utils.obj (.const:$P$T2$3)
                  2000ddbc    00000010     simplelink.a : socket.obj (.const:.string:_SlPayloadByProtocolLUT)
                  2000ddcc    0000000c     network_utils.obj (.const:$P$T4$5)
                  2000ddd8    0000000c     network_utils.obj (.const:.string:$P$T3$4)
                  2000dde4    00000009     main.obj (.const:.string:$P$T0$1)
                  2000dded    00000008     simplelink.a : device.obj (.const:StartResponseLUT)
                  2000ddf5    00000003     --HOLE-- [fill = 0]
                  2000ddf8    00000008                  : driver.obj (.const:g_H2NCnysPattern)
                  2000de00    00000008                  : driver.obj (.const:g_H2NSyncPattern)
                  2000de08    00000004                  : wlan.obj (.const:$P$T0$1)
                  2000de0c    00000004                  : socket.obj (.const:$P$T2$3)
                  2000de10    00000004                  : device.obj (.const:_SlDeviceGetCmdCtrl)
                  2000de14    00000004                  : device.obj (.const:_SlDeviceSetCmdCtrl)
                  2000de18    00000004                  : netapp.obj (.const:_SlGetHostByNameCtrl)
                  2000de1c    00000004                  : netapp.obj (.const:_SlNetAppSendTokenValueCmdCtrl)
                  2000de20    00000004                  : netcfg.obj (.const:_SlNetCfgSetCmdCtrl)
                  2000de24    00000004                  : wlan.obj (.const:_SlPolicySetCmdCtrl)
                  2000de28    00000004                  : wlan.obj (.const:_SlProfileDelCmdCtrl)
                  2000de2c    00000004                  : socket.obj (.const:_SlRecvCmdCtrl)
                  2000de30    00000004                  : netapp.obj (.const:_SlRegisterServiceCtrl)
                  2000de34    00000004                  : wlan.obj (.const:_SlRxFilterSetCmdCtrl)
                  2000de38    00000004                  : socket.obj (.const:_SlSendCmdCtrl)
                  2000de3c    00000004                  : socket.obj (.const:_SlSetSockOptCmdCtrl)
                  2000de40    00000004                  : socket.obj (.const:_SlSockCloseCmdCtrl)
                  2000de44    00000004                  : socket.obj (.const:_SlSockSocketCmdCtrl)
                  2000de48    00000004                  : device.obj (.const:_SlStopCmdCtrl)
                  2000de4c    00000004                  : wlan.obj (.const:_SlWlanCfgSetCmdCtrl)
                  2000de50    00000004                  : wlan.obj (.const:_SlWlanSetModeCmdCtrl)
                  2000de54    00000004                  : driver.obj (.const:httpServer_callbacks)
                  2000de58    00000004                  : driver.obj (.const:netApp_callbacks)

.cinit     0    2000de60    00000050     
                  2000de60    0000002c     (.cinit..data.load) [load image, compression = lzss]
                  2000de8c    0000000c     (__TI_handler_table)
                  2000de98    00000008     (.cinit..bss.load) [load image, compression = zero_init]
                  2000dea0    00000010     (__TI_cinit_table)

.sysmem    0    20017000    00008000     UNINITIALIZED
                  20017000    00000010     rtsv7M4_T_le_eabi.lib : memory.c.obj (.sysmem)
                  20017010    00007ff0     --HOLE--

.bss       0    2001f000    0000042a     UNINITIALIZED
                  2001f000    00000200     (.common:DATA1)
                  2001f200    00000168     simplelink.a : driver.obj (.bss:g_StatMem)
                  2001f368    00000050     (.common:g_ucDinDout)
                  2001f3b8    0000002c     (.common:g_time)
                  2001f3e4    00000024     (.common:g_ucConnectionSSID)
                  2001f408    00000008     (.common:g_app_config)
                  2001f410    00000008     (.common:g_ucConnectionBSSID)
                  2001f418    00000004     uart_if.obj (.bss)
                  2001f41c    00000004     (.common:g_Host)
                  2001f420    00000004     (.common:g_port)
                  2001f424    00000001     (.common:RxIrqCnt)
                  2001f425    00000001     (.common:g_bDeviceRestartIsRequired)
                  2001f426    00000001     (.common:g_cDummy)
                  2001f427    00000001     (.common:g_ucLED1Pin)
                  2001f428    00000001     (.common:g_ucLED2Pin)
                  2001f429    00000001     (.common:g_ucLED3Pin)

.data      0    2001f42c    000000a8     UNINITIALIZED
                  2001f42c    0000003c     simplelink.a : nonos.obj (.data:g__SlNonOsCB)
                  2001f468    00000014     gpio_if.obj (.data:ulReg)
                  2001f47c    0000000d     simplelink.a : driver.obj (.data)
                  2001f489    00000003     --HOLE--
                  2001f48c    0000000c     gpio_if.obj (.data)
                  2001f498    0000000c     main.obj (.data)
                  2001f4a4    0000000c     network_utils.obj (.data)
                  2001f4b0    00000009     simplelink.a : cc_pal.obj (.data)
                  2001f4b9    00000003     --HOLE--
                  2001f4bc    00000008     rtsv7M4_T_le_eabi.lib : _lock.c.obj (.data:$O1$$)
                  2001f4c4    00000008                           : memory.c.obj (.data:$O1$$)
                  2001f4cc    00000004                           : errno.c.obj (.data)
                  2001f4d0    00000004     simplelink.a : driver.obj (.data:wlan_callbacks)

.stack     0    2002f000    00001000     UNINITIALIZED
                  2002f000    00000004     rtsv7M4_T_le_eabi.lib : boot_cortex_m.c.obj (.stack)
                  2002f004    00000ffc     --HOLE--

__llvm_prf_cnts 
*          0    20017000    00000000     UNINITIALIZED

MODULE SUMMARY

       Module                       code    ro data   rw data
       ------                       ----    -------   -------
    .\
       main.obj                     1404    9         524    
       Adafruit_OLED.obj            1194    0         0      
       startup_ccs.obj              14      1024      0      
       gpio_if.obj                  920     0         35     
       uart_if.obj                  636     0         4      
       pin_mux_config.obj           344     0         0      
       network_common.obj           38      0         0      
    +--+----------------------------+-------+---------+---------+
       Total:                       4550    1033      563    
                                                             
    .\utils\
       network_utils.obj            3784    122       116    
    +--+----------------------------+-------+---------+---------+
       Total:                       3784    122       116    
                                                             
    C:/ti/CC3200SDK_1.5.0/cc3200-sdk/driverlib/ccs/Release/driverlib.a
       prcm.obj                     852     168       0      
       spi.obj                      860     60        0      
       interrupt.obj                608     284       0      
       udma.obj                     604     0         0      
       pin.obj                      320     256       0      
       gpio.obj                     388     0         0      
       uart.obj                     284     0         0      
       timer.obj                    210     0         0      
       adc.obj                      184     0         0      
       systick.obj                  84      0         0      
       cpu.obj                      20      0         0      
       utils.obj                    6       0         0      
    +--+----------------------------+-------+---------+---------+
       Total:                       4420    768       0      
                                                             
    C:/ti/CC3200SDK_1.5.0/cc3200-sdk/simplelink/ccs/NON_OS/simplelink.a
       driver.obj                   7906    192       379    
       cc_pal.obj                   1820    0         90     
       socket.obj                   1830    40        0      
       netapp.obj                   1572    12        0      
       wlan.obj                     1316    24        0      
       device.obj                   1230    20        0      
       nonos.obj                    416     20        60     
       netcfg.obj                   152     4         0      
    +--+----------------------------+-------+---------+---------+
       Total:                       16242   312       529    
                                                             
    C:\ti\ccs1250\ccs\tools\compiler\ti-cgt-arm_20.2.7.LTS\lib\rtsv7M4_T_le_eabi.lib
       _printfi.c.obj               4835    0         0      
       memory.c.obj                 900     0         8      
       fd_add_t2.asm.obj            438     0         0      
       fd_div_t2.asm.obj            310     0         0      
       fd_cmp_t2.asm.obj            268     0         0      
       ctype.c.obj                  0       257       0      
       fd_mul_t2.asm.obj            252     0         0      
       s_scalbn.c.obj               208     0         0      
       memcpy_t2.asm.obj            156     0         0      
       ull_div_t2.asm.obj           150     0         0      
       snprintf.c.obj               148     0         0      
       vsnprintf.c.obj              136     0         0      
       memset_t2.asm.obj            122     0         0      
       fd_tos_t2.asm.obj            110     0         0      
       copy_decompress_lzss.c.obj   104     0         0      
       sprintf.c.obj                98      0         0      
       s_frexp.c.obj                92      0         0      
       _ltoa.c.obj                  84      0         0      
       atoi.c.obj                   76      0         0      
       fd_toi_t2.asm.obj            72      0         0      
       autoinit.c.obj               68      0         0      
       fs_tod_t2.asm.obj            56      0         0      
       i_tofd_t2.asm.obj            46      0         0      
       memmov.c.obj                 40      0         0      
       boot_cortex_m.c.obj          36      0         0      
       u_tofs_t2.asm.obj            36      0         0      
       memccpy.c.obj                28      0         0      
       strchr.c.obj                 22      0         0      
       strcpy.c.obj                 20      0         0      
       strlen.c.obj                 20      0         0      
       wcslen.c.obj                 18      0         0      
       copy_decompress_none.c.obj   14      0         0      
       copy_zero_init.c.obj         12      0         0      
       errno.c.obj                  8       0         4      
       s_copysign.c.obj             12      0         0      
       _lock.c.obj                  2       0         8      
       exit.c.obj                   4       0         0      
       pre_init.c.obj               4       0         0      
       div0.asm.obj                 2       0         0      
    +--+----------------------------+-------+---------+---------+
       Total:                       9007    257       20     
                                                             
       Heap:                        0       0         32768  
       Stack:                       0       0         4096   
       Linker Generated:            0       80        0      
    +--+----------------------------+-------+---------+---------+
       Grand Total:                 38003   2572      38092  


LINKER GENERATED COPY TABLES

__TI_cinit_table @ 2000dea0 records: 2, size/record: 8, table size: 16
	.data: load addr=2000de60, load size=0000002c bytes, run addr=2001f42c, run size=000000a8 bytes, compression=lzss
	.bss: load addr=2000de98, load size=00000008 bytes, run addr=2001f000, run size=0000042a bytes, compression=zero_init


LINKER GENERATED HANDLER TABLE

__TI_handler_table @ 2000de8c records: 3, size/record: 4, table size: 12
	index: 0, handler: __TI_decompress_lzss
	index: 1, handler: __TI_decompress_none
	index: 2, handler: __TI_zero_init


GLOBAL SYMBOLS: SORTED ALPHABETICALLY BY Name 

address   name                                  
-------   ----                                  
2000cc9d  ADCChannelEnable                      
2000d737  ADCEnable                             
2000d3df  ADCFIFOLvlGet                         
2000d591  ADCFIFORead                           
2000d201  ADCTimerConfig                        
2000d6c9  ADCTimerEnable                        
200068b9  Adafruit_Init                         
2000d893  C$$EXIT                               
2000d74b  CPUcpsie                              
20007329  ClearTerm                             
20006a2f  Color565                              
2001f000  DATA1                                 
2000d14d  DmaSpiSwIntHandler                    
20007333  Error                                 
2000cd7d  GPIODirModeSet                        
2000d75f  GPIOIntClear                          
2000d4c1  GPIOIntEnable                         
2000d349  GPIOIntRegister                       
2000b789  GPIOIntTypeSet                        
2000d5a9  GPIOPinRead                           
2000d267  GPIOPinWrite                          
20006f91  GPIO_IF_ConfigureNIntEnable           
2000701d  GPIO_IF_Get                           
20006f4b  GPIO_IF_GetPortNPin                   
20006d0d  GPIO_IF_LedConfigure                  
20006dff  GPIO_IF_LedOff                        
20006d4b  GPIO_IF_LedOn                         
20006eb3  GPIO_IF_LedStatus                     
20006f1d  GPIO_IF_LedToggle                     
20006fd9  GPIO_IF_Set                           
2000736b  GetCmd                                
200072e9  InitTerm                              
2000a875  IntDisable                            
2000a91d  IntEnable                             
2000d865  IntMasterEnable                       
2000c169  IntPendClear                          
2000c271  IntPrioritySet                        
2000d289  IntRegister                           
2000d171  IntUnregister                         
2000d775  IntVTableBaseSet                      
20007307  Message                               
2000d835  NwpMaskInterrupt                      
2000ccd5  NwpPowerOff                           
2000cf0d  NwpPowerOn                            
2000d2a9  NwpPrePowerOffTimout0                 
2000caf5  NwpRegisterInterruptHandler           
2000d841  NwpUnMaskInterrupt                    
2000dc18  OpcodeTranslateTable                  
200087b9  PRCMCC3200MCUInit                     
2000d6df  PRCMHIBRegRead                        
2000d6f5  PRCMHIBRegWrite                       
2000d011  PRCMPeripheralClkDisable              
2000cbad  PRCMPeripheralClkEnable               
2000b071  PRCMPeripheralClockGet                
2000c1c1  PRCMPeripheralReset                   
2000cdb5  PRCMPeripheralStatusGet               
2000cf39  PRCMSysResetCauseGet                  
2000b571  PinConfigSet                          
2000c975  PinModeSet                            
20008aa1  PinMuxConfig                          
2000d789  PinTypeADC                            
2000ce1d  PinTypeGPIO                           
2000d4db  PinTypeSPI                            
2000d4f5  PinTypeUART                           
200074a9  Report                                
2000d825  ResetISR                              
2001f424  RxIrqCnt                              
2000d5c1  SPICSDisable                          
2000d5d9  SPICSEnable                           
2000aa69  SPIConfigSetExpClk                    
2000d2c9  SPIDataGet                            
2000d367  SPIDataPut                            
2000d5f1  SPIDisable                            
2000d50f  SPIDmaDisable                         
2000d529  SPIDmaEnable                          
2000d609  SPIEnable                             
2000d543  SPIFIFODisable                        
2000d55d  SPIFIFOEnable                         
2000cde9  SPIFIFOLevelSet                       
2000c6c1  SPIIntClear                           
2000c465  SPIIntEnable                          
2000d577  SPIIntUnregister                      
2000d223  SPIReset                              
2000d245  SPIWordCountSet                       
200045d5  SimpleLinkGeneralEventHandler         
200045b1  SimpleLinkHttpServerCallback          
2000450f  SimpleLinkNetAppEventHandler          
200045f5  SimpleLinkSockEventHandler            
20004401  SimpleLinkWlanEventHandler            
2000d7d9  SysTickEnable                         
2000d7e9  SysTickIntEnable                      
2000d3fd  SysTickIntRegister                    
2000d621  SysTickPeriodSet                      
2000c7dd  TimerConfigure                        
2000d385  TimerEnable                           
2000d2e9  TimerGetCurrentTimestamp              
2000cfbd  TimerLoadSet                          
2000cfe7  TimerPrescaleSet                      
2000d419  TimerValueGet                         
20007411  TrimSpace                             
2000d435  UARTCharGetNonBlocking                
2000d3a3  UARTCharPut                           
2000d639  UARTCharsAvail                        
2000ba81  UARTConfigSetExpClk                   
2000ce4d  UARTDisable                           
2000d195  UARTEnable                            
2001f4a0  UART_cnt                              
2000d889  UtilsDelay                            
2000dc54  _SlActionLookupTable                  
2000a9c5  _SlDriverHandleError                  
2000c709  _SlDrvBasicCmd                        
2000a651  _SlDrvCmdOp                           
2000bcb9  _SlDrvCmdSend                         
20007a15  _SlDrvDataReadOp                      
20008bf9  _SlDrvDataWriteOp                     
2000ac45  _SlDrvDeviceEventHandler              
2000d7f9  _SlDrvDispatchHttpServerEvents        
200094c1  _SlDrvDriverCBDeinit                  
2000814d  _SlDrvDriverCBInit                    
2000d039  _SlDrvGlobalObjUnLock                 
2000c821  _SlDrvHandleHttpServerEvents          
2000c9b5  _SlDrvHandleNetAppEvents              
2000c9f5  _SlDrvHandleWlanEvents                
2000b3cd  _SlDrvIsTimeoutExpired                
2000d70b  _SlDrvMemZero                         
20009eb5  _SlDrvMsgReadSpawnCtx                 
20009711  _SlDrvNetAppEventHandler              
2000d101  _SlDrvObjLockWaitForever              
2000d309  _SlDrvObjUnLock                       
2000c4fd  _SlDrvProtectAsyncRespSetting         
2000cf91  _SlDrvProtectionObjLockWaitForever    
2000d061  _SlDrvProtectionObjUnLock             
20007bf9  _SlDrvReleasePoolObj                  
2000d809  _SlDrvResetCmdExt                     
2000c2c5  _SlDrvRxIrqHandler                    
2000d451  _SlDrvStartMeasureTimeout             
2000d329  _SlDrvSyncObjSignal                   
2000d089  _SlDrvSyncObjWaitForever              
2000c865  _SlDrvSyncObjWaitTimeout              
2000849d  _SlDrvWaitForPoolObj                  
2000de1c  _SlNetAppSendTokenValueCmdCtrl        
2000baf9  _SlNonOsMainLoopTask                  
2000a7c5  _SlNonOsSemGet                        
2000d651  _SlNonOsSemSet                        
2000bdf9  _SlNonOsSpawn                         
20030000  __STACK_END                           
00001000  __STACK_SIZE                          
00008000  __SYSMEM_SIZE                         
2000dea0  __TI_CINIT_Base                       
2000deb0  __TI_CINIT_Limit                      
2000de8c  __TI_Handler_Table_Base               
2000de98  __TI_Handler_Table_Limit              
2000c8a9  __TI_auto_init_nobinit_nopinit        
2000bd91  __TI_decompress_lzss                  
2000d817  __TI_decompress_none                  
2000c319  __TI_ltoa                             
ffffffff  __TI_pprof_out_hndl                   
200052c9  __TI_printfi                          
ffffffff  __TI_prof_data_size                   
ffffffff  __TI_prof_data_start                  
2000de60  __TI_static_base__                    
2000d859  __TI_zero_init                        
2000b5f9  __aeabi_cdcmpeq                       
2000b5f9  __aeabi_cdcmple                       
2000b67f  __aeabi_cdrcmple                      
2000bc4b  __aeabi_d2f                           
2000c751  __aeabi_d2iz                          
20007f9f  __aeabi_dadd                          
20009255  __aeabi_ddiv                          
20009915  __aeabi_dmul                          
20007f95  __aeabi_dsub                          
2000d879  __aeabi_errno_addr                    
2000cd0d  __aeabi_f2d                           
2000cedd  __aeabi_i2d                           
2000814b  __aeabi_idiv0                         
2000814b  __aeabi_ldiv0                         
2000b98d  __aeabi_memclr                        
2000b98d  __aeabi_memclr4                       
2000b98d  __aeabi_memclr8                       
2000aba9  __aeabi_memcpy                        
2000aba9  __aeabi_memcpy4                       
2000aba9  __aeabi_memcpy8                       
2000b98f  __aeabi_memset                        
2000b98f  __aeabi_memset4                       
2000b98f  __aeabi_memset8                       
2000d1dd  __aeabi_ui2f                          
2000afd9  __aeabi_uldivmod                      
ffffffff  __binit__                             
ffffffff  __c_args__                            
UNDEFED   __mpu_init                            
2002f000  __stack                               
20017000  __start___llvm_prf_cnts               
20017000  __stop___llvm_prf_cnts                
2000d1b9  _c_int00_noargs                       
2000d898  _ctypes_                              
2001f4bc  _lock                                 
20006ccf  _nop                                  
2000be5d  _sl_HandleAsync_Accept                
2000b80d  _sl_HandleAsync_Connect               
2000b105  _sl_HandleAsync_DnsGetHostByName      
2000a3f5  _sl_HandleAsync_DnsGetHostByService   
2000b459  _sl_HandleAsync_InitComplete          
2000b195  _sl_HandleAsync_PingResponse          
2000c36d  _sl_HandleAsync_Select                
2000c415  _sl_HandleAsync_Stop                  
2000bd25  _sl_NetAppSendTokenValue              
20017000  _sys_memory                           
UNDEFED   _system_post_cinit                    
2000d88f  _system_pre_init                      
2001f4c0  _unlock                               
2000d893  abort                                 
20009815  aligned_alloc                         
2000c595  atoi                                  
ffffffff  binit                                 
200062d9  char_put                              
20004fa1  connectToAccessPoint                  
2000d84d  copysign                              
2000d84d  copysignl                             
20006bd9  drawFastHLine                         
20006b39  drawFastVLine                         
20006c75  drawPixel                             
2001f4cc  errno                                 
20006a87  fillRect                              
20006a71  fillScreen                            
20009f9d  free                                  
2000c10d  frexp                                 
2000c10d  frexpl                                
2001f41c  g_Host                                
2001f47c  g_SlDeviceStatus                      
2001f4b0  g_SpiFd                               
2001f42c  g__SlNonOsCB                          
2001f408  g_app_config                          
2001f425  g_bDeviceRestartIsRequired            
2001f426  g_cDummy                              
2001f480  g_pCB                                 
2001f4b4  g_pHostIntHdl                         
20004000  g_pfnVectors                          
2001f420  g_port                                
2001f3b8  g_time                                
2001f410  g_ucConnectionBSSID                   
2001f3e4  g_ucConnectionSSID                    
2001f4b8  g_ucDMAEnabled                        
2001f368  g_ucDinDout                           
2001f427  g_ucLED1Pin                           
2001f428  g_ucLED2Pin                           
2001f429  g_ucLED3Pin                           
2001f48c  g_uiLED1Port                          
2001f490  g_uiLED2Port                          
2001f494  g_uiLED3Port                          
2001f4ac  g_ulGatewayIP                         
2001f4a8  g_ulPingPacketsRecv                   
2001f4a4  g_ulStatus                            
200069eb  goTo                                  
20006cb3  invert                                
2000a325  ldexp                                 
2000a325  ldexpl                                
20006363  main                                  
2000d881  malloc                                
20009815  memalign                              
2000d489  memccpy                               
2000aba9  memcpy                                
2000d0d9  memmove                               
2000b995  memset                                
2001f484  pPingCallBackFunc                     
2000a081  realloc                               
2000a325  scalbn                                
2000a325  scalbnl                               
2000cbe9  simplelink_timerA2_start              
2000bfed  sl_Close                              
2000862d  sl_Connect                            
2000a4c1  sl_DevGet                             
2000ace1  sl_DevSet                             
2000c931  sl_Htonl                              
2000cc25  sl_Htons                              
20008fd5  sl_NetAppDnsGetHostByName             
2000a165  sl_NetAppMDNSRegisterUnregisterService
2000bec1  sl_NetAppMDNSUnRegisterService        
2000ad79  sl_NetCfgSet                          
2000d127  sl_Provisioning_HttpServerEventHdl    
2000d135  sl_Provisioning_NetAppEventHdl        
2000d141  sl_Provisioning_WlanEventHdl          
2000ab09  sl_Recv                               
2000938d  sl_Send                               
2000ae11  sl_SetSockOpt                         
2000b4e5  sl_Socket                             
20009ce1  sl_Start                              
20009a11  sl_Stop                               
20007069  sl_WlanConnect                        
2000cd45  sl_WlanDisconnect                     
2000b225  sl_WlanPolicySet                      
2000c04d  sl_WlanProfileDel                     
2000b705  sl_WlanRxFilterSet                    
2000aea9  sl_WlanSet                            
2000c0ad  sl_WlanSetMode                        
2000c5e1  snprintf                              
2000ba09  spi_Close                             
20008d49  spi_Open                              
20009b01  spi_Read                              
2000af41  spi_Write                             
2000ca75  sprintf                               
2000d721  strchr                                
2000d79d  strcpy                                
2000d7b1  strlen                                
2001f498  systick_cnt                           
2001f49c  systick_cnt2                          
20004dc1  tls_connect                           
2000c62d  uDMAChannelAssign                     
2000bf25  uDMAChannelAttributeDisable           
2000bf89  uDMAChannelAttributeEnable            
2000cc61  uDMAChannelControlSet                 
2000d4a5  uDMAChannelEnable                     
20009bf1  uDMAChannelTransferSet                
2000cab5  vsnprintf                             
2000d7c5  wcslen                                
20006825  writeCommand                          
2000686f  writeData                             


GLOBAL SYMBOLS: SORTED BY Symbol Address 

address   name                                  
-------   ----                                  
00001000  __STACK_SIZE                          
00008000  __SYSMEM_SIZE                         
20004000  g_pfnVectors                          
20004401  SimpleLinkWlanEventHandler            
2000450f  SimpleLinkNetAppEventHandler          
200045b1  SimpleLinkHttpServerCallback          
200045d5  SimpleLinkGeneralEventHandler         
200045f5  SimpleLinkSockEventHandler            
20004dc1  tls_connect                           
20004fa1  connectToAccessPoint                  
200052c9  __TI_printfi                          
200062d9  char_put                              
20006363  main                                  
20006825  writeCommand                          
2000686f  writeData                             
200068b9  Adafruit_Init                         
200069eb  goTo                                  
20006a2f  Color565                              
20006a71  fillScreen                            
20006a87  fillRect                              
20006b39  drawFastVLine                         
20006bd9  drawFastHLine                         
20006c75  drawPixel                             
20006cb3  invert                                
20006ccf  _nop                                  
20006d0d  GPIO_IF_LedConfigure                  
20006d4b  GPIO_IF_LedOn                         
20006dff  GPIO_IF_LedOff                        
20006eb3  GPIO_IF_LedStatus                     
20006f1d  GPIO_IF_LedToggle                     
20006f4b  GPIO_IF_GetPortNPin                   
20006f91  GPIO_IF_ConfigureNIntEnable           
20006fd9  GPIO_IF_Set                           
2000701d  GPIO_IF_Get                           
20007069  sl_WlanConnect                        
200072e9  InitTerm                              
20007307  Message                               
20007329  ClearTerm                             
20007333  Error                                 
2000736b  GetCmd                                
20007411  TrimSpace                             
200074a9  Report                                
20007a15  _SlDrvDataReadOp                      
20007bf9  _SlDrvReleasePoolObj                  
20007f95  __aeabi_dsub                          
20007f9f  __aeabi_dadd                          
2000814b  __aeabi_idiv0                         
2000814b  __aeabi_ldiv0                         
2000814d  _SlDrvDriverCBInit                    
2000849d  _SlDrvWaitForPoolObj                  
2000862d  sl_Connect                            
200087b9  PRCMCC3200MCUInit                     
20008aa1  PinMuxConfig                          
20008bf9  _SlDrvDataWriteOp                     
20008d49  spi_Open                              
20008fd5  sl_NetAppDnsGetHostByName             
20009255  __aeabi_ddiv                          
2000938d  sl_Send                               
200094c1  _SlDrvDriverCBDeinit                  
20009711  _SlDrvNetAppEventHandler              
20009815  aligned_alloc                         
20009815  memalign                              
20009915  __aeabi_dmul                          
20009a11  sl_Stop                               
20009b01  spi_Read                              
20009bf1  uDMAChannelTransferSet                
20009ce1  sl_Start                              
20009eb5  _SlDrvMsgReadSpawnCtx                 
20009f9d  free                                  
2000a081  realloc                               
2000a165  sl_NetAppMDNSRegisterUnregisterService
2000a325  ldexp                                 
2000a325  ldexpl                                
2000a325  scalbn                                
2000a325  scalbnl                               
2000a3f5  _sl_HandleAsync_DnsGetHostByService   
2000a4c1  sl_DevGet                             
2000a651  _SlDrvCmdOp                           
2000a7c5  _SlNonOsSemGet                        
2000a875  IntDisable                            
2000a91d  IntEnable                             
2000a9c5  _SlDriverHandleError                  
2000aa69  SPIConfigSetExpClk                    
2000ab09  sl_Recv                               
2000aba9  __aeabi_memcpy                        
2000aba9  __aeabi_memcpy4                       
2000aba9  __aeabi_memcpy8                       
2000aba9  memcpy                                
2000ac45  _SlDrvDeviceEventHandler              
2000ace1  sl_DevSet                             
2000ad79  sl_NetCfgSet                          
2000ae11  sl_SetSockOpt                         
2000aea9  sl_WlanSet                            
2000af41  spi_Write                             
2000afd9  __aeabi_uldivmod                      
2000b071  PRCMPeripheralClockGet                
2000b105  _sl_HandleAsync_DnsGetHostByName      
2000b195  _sl_HandleAsync_PingResponse          
2000b225  sl_WlanPolicySet                      
2000b3cd  _SlDrvIsTimeoutExpired                
2000b459  _sl_HandleAsync_InitComplete          
2000b4e5  sl_Socket                             
2000b571  PinConfigSet                          
2000b5f9  __aeabi_cdcmpeq                       
2000b5f9  __aeabi_cdcmple                       
2000b67f  __aeabi_cdrcmple                      
2000b705  sl_WlanRxFilterSet                    
2000b789  GPIOIntTypeSet                        
2000b80d  _sl_HandleAsync_Connect               
2000b98d  __aeabi_memclr                        
2000b98d  __aeabi_memclr4                       
2000b98d  __aeabi_memclr8                       
2000b98f  __aeabi_memset                        
2000b98f  __aeabi_memset4                       
2000b98f  __aeabi_memset8                       
2000b995  memset                                
2000ba09  spi_Close                             
2000ba81  UARTConfigSetExpClk                   
2000baf9  _SlNonOsMainLoopTask                  
2000bc4b  __aeabi_d2f                           
2000bcb9  _SlDrvCmdSend                         
2000bd25  _sl_NetAppSendTokenValue              
2000bd91  __TI_decompress_lzss                  
2000bdf9  _SlNonOsSpawn                         
2000be5d  _sl_HandleAsync_Accept                
2000bec1  sl_NetAppMDNSUnRegisterService        
2000bf25  uDMAChannelAttributeDisable           
2000bf89  uDMAChannelAttributeEnable            
2000bfed  sl_Close                              
2000c04d  sl_WlanProfileDel                     
2000c0ad  sl_WlanSetMode                        
2000c10d  frexp                                 
2000c10d  frexpl                                
2000c169  IntPendClear                          
2000c1c1  PRCMPeripheralReset                   
2000c271  IntPrioritySet                        
2000c2c5  _SlDrvRxIrqHandler                    
2000c319  __TI_ltoa                             
2000c36d  _sl_HandleAsync_Select                
2000c415  _sl_HandleAsync_Stop                  
2000c465  SPIIntEnable                          
2000c4fd  _SlDrvProtectAsyncRespSetting         
2000c595  atoi                                  
2000c5e1  snprintf                              
2000c62d  uDMAChannelAssign                     
2000c6c1  SPIIntClear                           
2000c709  _SlDrvBasicCmd                        
2000c751  __aeabi_d2iz                          
2000c7dd  TimerConfigure                        
2000c821  _SlDrvHandleHttpServerEvents          
2000c865  _SlDrvSyncObjWaitTimeout              
2000c8a9  __TI_auto_init_nobinit_nopinit        
2000c931  sl_Htonl                              
2000c975  PinModeSet                            
2000c9b5  _SlDrvHandleNetAppEvents              
2000c9f5  _SlDrvHandleWlanEvents                
2000ca75  sprintf                               
2000cab5  vsnprintf                             
2000caf5  NwpRegisterInterruptHandler           
2000cbad  PRCMPeripheralClkEnable               
2000cbe9  simplelink_timerA2_start              
2000cc25  sl_Htons                              
2000cc61  uDMAChannelControlSet                 
2000cc9d  ADCChannelEnable                      
2000ccd5  NwpPowerOff                           
2000cd0d  __aeabi_f2d                           
2000cd45  sl_WlanDisconnect                     
2000cd7d  GPIODirModeSet                        
2000cdb5  PRCMPeripheralStatusGet               
2000cde9  SPIFIFOLevelSet                       
2000ce1d  PinTypeGPIO                           
2000ce4d  UARTDisable                           
2000cedd  __aeabi_i2d                           
2000cf0d  NwpPowerOn                            
2000cf39  PRCMSysResetCauseGet                  
2000cf91  _SlDrvProtectionObjLockWaitForever    
2000cfbd  TimerLoadSet                          
2000cfe7  TimerPrescaleSet                      
2000d011  PRCMPeripheralClkDisable              
2000d039  _SlDrvGlobalObjUnLock                 
2000d061  _SlDrvProtectionObjUnLock             
2000d089  _SlDrvSyncObjWaitForever              
2000d0d9  memmove                               
2000d101  _SlDrvObjLockWaitForever              
2000d127  sl_Provisioning_HttpServerEventHdl    
2000d135  sl_Provisioning_NetAppEventHdl        
2000d141  sl_Provisioning_WlanEventHdl          
2000d14d  DmaSpiSwIntHandler                    
2000d171  IntUnregister                         
2000d195  UARTEnable                            
2000d1b9  _c_int00_noargs                       
2000d1dd  __aeabi_ui2f                          
2000d201  ADCTimerConfig                        
2000d223  SPIReset                              
2000d245  SPIWordCountSet                       
2000d267  GPIOPinWrite                          
2000d289  IntRegister                           
2000d2a9  NwpPrePowerOffTimout0                 
2000d2c9  SPIDataGet                            
2000d2e9  TimerGetCurrentTimestamp              
2000d309  _SlDrvObjUnLock                       
2000d329  _SlDrvSyncObjSignal                   
2000d349  GPIOIntRegister                       
2000d367  SPIDataPut                            
2000d385  TimerEnable                           
2000d3a3  UARTCharPut                           
2000d3df  ADCFIFOLvlGet                         
2000d3fd  SysTickIntRegister                    
2000d419  TimerValueGet                         
2000d435  UARTCharGetNonBlocking                
2000d451  _SlDrvStartMeasureTimeout             
2000d489  memccpy                               
2000d4a5  uDMAChannelEnable                     
2000d4c1  GPIOIntEnable                         
2000d4db  PinTypeSPI                            
2000d4f5  PinTypeUART                           
2000d50f  SPIDmaDisable                         
2000d529  SPIDmaEnable                          
2000d543  SPIFIFODisable                        
2000d55d  SPIFIFOEnable                         
2000d577  SPIIntUnregister                      
2000d591  ADCFIFORead                           
2000d5a9  GPIOPinRead                           
2000d5c1  SPICSDisable                          
2000d5d9  SPICSEnable                           
2000d5f1  SPIDisable                            
2000d609  SPIEnable                             
2000d621  SysTickPeriodSet                      
2000d639  UARTCharsAvail                        
2000d651  _SlNonOsSemSet                        
2000d6c9  ADCTimerEnable                        
2000d6df  PRCMHIBRegRead                        
2000d6f5  PRCMHIBRegWrite                       
2000d70b  _SlDrvMemZero                         
2000d721  strchr                                
2000d737  ADCEnable                             
2000d74b  CPUcpsie                              
2000d75f  GPIOIntClear                          
2000d775  IntVTableBaseSet                      
2000d789  PinTypeADC                            
2000d79d  strcpy                                
2000d7b1  strlen                                
2000d7c5  wcslen                                
2000d7d9  SysTickEnable                         
2000d7e9  SysTickIntEnable                      
2000d7f9  _SlDrvDispatchHttpServerEvents        
2000d809  _SlDrvResetCmdExt                     
2000d817  __TI_decompress_none                  
2000d825  ResetISR                              
2000d835  NwpMaskInterrupt                      
2000d841  NwpUnMaskInterrupt                    
2000d84d  copysign                              
2000d84d  copysignl                             
2000d859  __TI_zero_init                        
2000d865  IntMasterEnable                       
2000d879  __aeabi_errno_addr                    
2000d881  malloc                                
2000d889  UtilsDelay                            
2000d88f  _system_pre_init                      
2000d893  C$$EXIT                               
2000d893  abort                                 
2000d898  _ctypes_                              
2000dc18  OpcodeTranslateTable                  
2000dc54  _SlActionLookupTable                  
2000de1c  _SlNetAppSendTokenValueCmdCtrl        
2000de60  __TI_static_base__                    
2000de8c  __TI_Handler_Table_Base               
2000de98  __TI_Handler_Table_Limit              
2000dea0  __TI_CINIT_Base                       
2000deb0  __TI_CINIT_Limit                      
20017000  __start___llvm_prf_cnts               
20017000  __stop___llvm_prf_cnts                
20017000  _sys_memory                           
2001f000  DATA1                                 
2001f368  g_ucDinDout                           
2001f3b8  g_time                                
2001f3e4  g_ucConnectionSSID                    
2001f408  g_app_config                          
2001f410  g_ucConnectionBSSID                   
2001f41c  g_Host                                
2001f420  g_port                                
2001f424  RxIrqCnt                              
2001f425  g_bDeviceRestartIsRequired            
2001f426  g_cDummy                              
2001f427  g_ucLED1Pin                           
2001f428  g_ucLED2Pin                           
2001f429  g_ucLED3Pin                           
2001f42c  g__SlNonOsCB                          
2001f47c  g_SlDeviceStatus                      
2001f480  g_pCB                                 
2001f484  pPingCallBackFunc                     
2001f48c  g_uiLED1Port                          
2001f490  g_uiLED2Port                          
2001f494  g_uiLED3Port                          
2001f498  systick_cnt                           
2001f49c  systick_cnt2                          
2001f4a0  UART_cnt                              
2001f4a4  g_ulStatus                            
2001f4a8  g_ulPingPacketsRecv                   
2001f4ac  g_ulGatewayIP                         
2001f4b0  g_SpiFd                               
2001f4b4  g_pHostIntHdl                         
2001f4b8  g_ucDMAEnabled                        
2001f4bc  _lock                                 
2001f4c0  _unlock                               
2001f4cc  errno                                 
2002f000  __stack                               
20030000  __STACK_END                           
ffffffff  __TI_pprof_out_hndl                   
ffffffff  __TI_prof_data_size                   
ffffffff  __TI_prof_data_start                  
ffffffff  __binit__                             
ffffffff  __c_args__                            
ffffffff  binit                                 
UNDEFED   __mpu_init                            
UNDEFED   _system_post_cinit                    

[316 symbols]
